Archive member included to satisfy reference by file (symbol)

c:/intelfpga_lite/18.1/nios2eds/bin/gnu/h-x86_64-mingw32/bin/../lib/gcc/nios2-elf/5.3.0\libgcc.a(_fixunsdfsi.o)
                              obj/default/hello_world.o (__fixunsdfsi)
c:/intelfpga_lite/18.1/nios2eds/bin/gnu/h-x86_64-mingw32/bin/../lib/gcc/nios2-elf/5.3.0\libgcc.a(lib2-divmod.o)
                              obj/default/hello_world.o (__divsi3)
c:/intelfpga_lite/18.1/nios2eds/bin/gnu/h-x86_64-mingw32/bin/../lib/gcc/nios2-elf/5.3.0\libgcc.a(gedf2.o)
                              c:/intelfpga_lite/18.1/nios2eds/bin/gnu/h-x86_64-mingw32/bin/../lib/gcc/nios2-elf/5.3.0\libgcc.a(_fixunsdfsi.o) (__gedf2)
c:/intelfpga_lite/18.1/nios2eds/bin/gnu/h-x86_64-mingw32/bin/../lib/gcc/nios2-elf/5.3.0\libgcc.a(muldf3.o)
                              obj/default/hello_world.o (__muldf3)
c:/intelfpga_lite/18.1/nios2eds/bin/gnu/h-x86_64-mingw32/bin/../lib/gcc/nios2-elf/5.3.0\libgcc.a(subdf3.o)
                              c:/intelfpga_lite/18.1/nios2eds/bin/gnu/h-x86_64-mingw32/bin/../lib/gcc/nios2-elf/5.3.0\libgcc.a(_fixunsdfsi.o) (__subdf3)
c:/intelfpga_lite/18.1/nios2eds/bin/gnu/h-x86_64-mingw32/bin/../lib/gcc/nios2-elf/5.3.0\libgcc.a(fixdfsi.o)
                              c:/intelfpga_lite/18.1/nios2eds/bin/gnu/h-x86_64-mingw32/bin/../lib/gcc/nios2-elf/5.3.0\libgcc.a(_fixunsdfsi.o) (__fixdfsi)
c:/intelfpga_lite/18.1/nios2eds/bin/gnu/h-x86_64-mingw32/bin/../lib/gcc/nios2-elf/5.3.0\libgcc.a(floatunsidf.o)
                              obj/default/hello_world.o (__floatunsidf)
c:/intelfpga_lite/18.1/nios2eds/bin/gnu/h-x86_64-mingw32/bin/../lib/gcc/nios2-elf/5.3.0\libgcc.a(_clzsi2.o)
                              c:/intelfpga_lite/18.1/nios2eds/bin/gnu/h-x86_64-mingw32/bin/../lib/gcc/nios2-elf/5.3.0\libgcc.a(muldf3.o) (__clzsi2)
c:/intelfpga_lite/18.1/nios2eds/bin/gnu/h-x86_64-mingw32/bin/../lib/gcc/nios2-elf/5.3.0\libgcc.a(_clz.o)
                              c:/intelfpga_lite/18.1/nios2eds/bin/gnu/h-x86_64-mingw32/bin/../lib/gcc/nios2-elf/5.3.0\libgcc.a(_clzsi2.o) (__clz_tab)
../test_bsp/\libhal_bsp.a(alt_load.o)
                              ../test_bsp//obj/HAL/src/crt0.o (alt_load)
../test_bsp/\libhal_bsp.a(alt_main.o)
                              ../test_bsp//obj/HAL/src/crt0.o (alt_main)
../test_bsp/\libhal_bsp.a(alt_sys_init.o)
                              ../test_bsp/\libhal_bsp.a(alt_main.o) (alt_irq_init)
../test_bsp/\libhal_bsp.a(altera_avalon_jtag_uart_fd.o)
                              ../test_bsp/\libhal_bsp.a(alt_sys_init.o) (altera_avalon_jtag_uart_read_fd)
../test_bsp/\libhal_bsp.a(altera_avalon_jtag_uart_init.o)
                              ../test_bsp/\libhal_bsp.a(alt_sys_init.o) (altera_avalon_jtag_uart_init)
../test_bsp/\libhal_bsp.a(altera_avalon_jtag_uart_ioctl.o)
                              ../test_bsp/\libhal_bsp.a(altera_avalon_jtag_uart_fd.o) (altera_avalon_jtag_uart_ioctl)
../test_bsp/\libhal_bsp.a(altera_avalon_jtag_uart_read.o)
                              ../test_bsp/\libhal_bsp.a(altera_avalon_jtag_uart_fd.o) (altera_avalon_jtag_uart_read)
../test_bsp/\libhal_bsp.a(altera_avalon_jtag_uart_write.o)
                              ../test_bsp/\libhal_bsp.a(altera_avalon_jtag_uart_fd.o) (altera_avalon_jtag_uart_write)
../test_bsp/\libhal_bsp.a(alt_alarm_start.o)
                              ../test_bsp/\libhal_bsp.a(altera_avalon_jtag_uart_init.o) (alt_alarm_start)
../test_bsp/\libhal_bsp.a(alt_close.o)
                              ../test_bsp/\libhal_bsp.a(alt_main.o) (close)
../test_bsp/\libhal_bsp.a(alt_dcache_flush_all.o)
                              ../test_bsp/\libhal_bsp.a(alt_load.o) (alt_dcache_flush_all)
../test_bsp/\libhal_bsp.a(alt_dev.o)
                              ../test_bsp/\libhal_bsp.a(alt_sys_init.o) (alt_dev_list)
../test_bsp/\libhal_bsp.a(alt_dev_llist_insert.o)
                              ../test_bsp/\libhal_bsp.a(alt_sys_init.o) (alt_dev_llist_insert)
../test_bsp/\libhal_bsp.a(alt_do_ctors.o)
                              ../test_bsp/\libhal_bsp.a(alt_main.o) (_do_ctors)
../test_bsp/\libhal_bsp.a(alt_do_dtors.o)
                              ../test_bsp/\libhal_bsp.a(alt_main.o) (_do_dtors)
../test_bsp/\libhal_bsp.a(alt_errno.o)
                              ../test_bsp/\libhal_bsp.a(alt_close.o) (alt_errno)
../test_bsp/\libhal_bsp.a(alt_icache_flush_all.o)
                              ../test_bsp/\libhal_bsp.a(alt_load.o) (alt_icache_flush_all)
../test_bsp/\libhal_bsp.a(alt_iic.o)
                              ../test_bsp/\libhal_bsp.a(altera_avalon_jtag_uart_init.o) (alt_ic_isr_register)
../test_bsp/\libhal_bsp.a(alt_iic_isr_register.o)
                              ../test_bsp/\libhal_bsp.a(alt_iic.o) (alt_iic_isr_register)
../test_bsp/\libhal_bsp.a(alt_io_redirect.o)
                              ../test_bsp/\libhal_bsp.a(alt_main.o) (alt_io_redirect)
../test_bsp/\libhal_bsp.a(alt_irq_entry.o)
[...]
Memory Configuration

Name             Origin             Length             Attributes
reset            0x0000000000020000 0x0000000000000020
onchip_memory2_0 0x0000000000020020 0x000000000001ffe0
*default*        0x0000000000000000 0xffffffffffffffff

Linker script and memory map

LOAD ../test_bsp//obj/HAL/src/crt0.o
LOAD obj/default/hello_world.o
LOAD c:/intelfpga_lite/18.1/nios2eds/bin/gnu/h-x86_64-mingw32/bin/../lib/gcc/nios2-elf/5.3.0/../../../../../H-x86_64-mingw32/nios2-elf/lib\libstdc++.a
LOAD c:/intelfpga_lite/18.1/nios2eds/bin/gnu/h-x86_64-mingw32/bin/../lib/gcc/nios2-elf/5.3.0/../../../../../H-x86_64-mingw32/nios2-elf/lib\libm.a
LOAD c:/intelfpga_lite/18.1/nios2eds/bin/gnu/h-x86_64-mingw32/bin/../lib/gcc/nios2-elf/5.3.0\libgcc.a
START GROUP
LOAD c:/intelfpga_lite/18.1/nios2eds/bin/gnu/h-x86_64-mingw32/bin/../lib/gcc/nios2-elf/5.3.0/../../../../../H-x86_64-mingw32/nios2-elf/lib\libc.a
LOAD c:/intelfpga_lite/18.1/nios2eds/bin/gnu/h-x86_64-mingw32/bin/../lib/gcc/nios2-elf/5.3.0\libgcc.a
LOAD ../test_bsp/\libhal_bsp.a
LOAD c:/intelfpga_lite/18.1/nios2eds/bin/gnu/h-x86_64-mingw32/bin/../lib/gcc/nios2-elf/5.3.0/../../../../../H-x86_64-mingw32/nios2-elf/lib\libm.a
END GROUP
LOAD c:/intelfpga_lite/18.1/nios2eds/bin/gnu/h-x86_64-mingw32/bin/../lib/gcc/nios2-elf/5.3.0\libgcc.a
                0x0000000000020000                __alt_mem_onchip_memory2_0 = 0x20000

.entry          0x0000000000020000       0x20
 *(.entry)
 .entry         0x0000000000020000       0x20 ../test_bsp//obj/HAL/src/crt0.o
                0x0000000000020000                __reset

.exceptions     0x0000000000020020      0x224
                0x0000000000020020                PROVIDE (__ram_exceptions_start, ABSOLUTE (.))
                0x0000000000020020                . = ALIGN (0x20)
 *(.irq)
 *(.exceptions.entry.label)
 .exceptions.entry.label
                0x0000000000020020        0x0 ../test_bsp/\libhal_bsp.a(alt_irq_entry.o)
                0x0000000000020020                alt_irq_entry
 .exceptions.entry.label
                0x0000000000020020        0x0 ../test_bsp/\libhal_bsp.a(alt_exception_entry.o)
                0x0000000000020020                alt_exception
 *(.exceptions.entry.user)
 *(.exceptions.entry.ecc_fatal)
 *(.exceptions.entry)
 .exceptions.entry
                0x0000000000020020       0x54 ../test_bsp/\libhal_bsp.a(alt_exception_entry.o)
 *(.exceptions.irqtest.user)
 *(.exceptions.irqtest)
 .exceptions.irqtest
                0x0000000000020074       0x10 ../test_bsp/\libhal_bsp.a(alt_irq_entry.o)
 *(.exceptions.irqhandler.user)
 *(.exceptions.irqhandler)
 .exceptions.irqhandler
                0x0000000000020084        0x4 ../test_bsp/\libhal_bsp.a(alt_irq_entry.o)
 *(.exceptions.irqreturn.user)
 *(.exceptions.irqreturn)
 .exceptions.irqreturn
                0x0000000000020088        0x4 ../test_bsp/\libhal_bsp.a(alt_irq_entry.o)
 *(.exceptions.notirq.label)
 .exceptions.notirq.label
                0x000000000002008c        0x0 ../test_bsp/\libhal_bsp.a(alt_irq_entry.o)
 *(.exceptions.notirq.user)
 *(.exceptions.notirq)
 .exceptions.notirq
                0x000000000002008c        0x8 ../test_bsp/\libhal_bsp.a(alt_exception_entry.o)
 *(.exceptions.soft.user)
 *(.exceptions.soft)
 *(.exceptions.unknown.user)
 *(.exceptions.unknown)
 .exceptions.unknown
                0x0000000000020094       0x14 ../test_bsp/\libhal_bsp.a(alt_exception_entry.o)
 *(.exceptions.exit.label)
 .exceptions.exit.label
                0x00000000000200a8        0x0 ../test_bsp/\libhal_bsp.a(alt_irq_entry.o)
 .exceptions.exit.label
                0x00000000000200a8        0x0 ../test_bsp/\libhal_bsp.a(alt_exception_entry.o)
 *(.exceptions.exit.user)
 *(.exceptions.exit)
 .exceptions.exit
                0x00000000000200a8       0x54 ../test_bsp/\libhal_bsp.a(alt_exception_entry.o)
 *(.exceptions)
 .exceptions    0x00000000000200fc       0xd4 ../test_bsp/\libhal_bsp.a(alt_irq_handler.o)
                0x00000000000200fc                alt_irq_handler
 .exceptions    0x00000000000201d0       0x74 ../test_bsp/\libhal_bsp.a(alt_instruction_exception_entry.o)
                0x00000000000201d0                alt_instruction_exception_entry
                0x0000000000020244                PROVIDE (__ram_exceptions_end, ABSOLUTE (.))
                0x0000000000020020                PROVIDE (__flash_exceptions_start, LOADADDR (.exceptions))

.text           0x0000000000020244     0x389c
                [!provide]                        PROVIDE (stext, ABSOLUTE (.))
 *(.interp)
 *(.hash)
 *(.dynsym)
 *(.dynstr)
 *(.gnu.version)
 *(.gnu.version_d)
 *(.gnu.version_r)
 *(.rel.init)
 *(.rela.init)
 *(.rel.text .rel.text.* .rel.gnu.linkonce.t.*)
 *(.rela.text .rela.text.* .rela.gnu.linkonce.t.*)
 *(.rel.fini)
 *(.rela.fini)
 *(.rel.rodata .rel.rodata.* .rel.gnu.linkonce.r.*)
 *(.rela.rodata .rela.rodata.* .rela.gnu.linkonce.r.*)
 *(.rel.data .rel.data.* .rel.gnu.linkonce.d.*)
 *(.rela.data .rela.data.* .rela.gnu.linkonce.d.*)
 *(.rel.tdata .rel.tdata.* .rel.gnu.linkonce.td.*)
 *(.rela.tdata .rela.tdata.* .rela.gnu.linkonce.td.*)
 *(.rel.tbss .rel.tbss.* .rel.gnu.linkonce.tb.*)
 *(.rela.tbss .rela.tbss.* .rela.gnu.linkonce.tb.*)
 *(.rel.ctors)
 *(.rela.ctors)
 *(.rel.dtors)
 *(.rela.dtors)
 *(.rel.got)
 *(.rela.got)
 *(.rel.sdata .rel.sdata.* .rel.gnu.linkonce.s.*)
 *(.rela.sdata .rela.sdata.* .rela.gnu.linkonce.s.*)
 *(.rel.sbss .rel.sbss.* .rel.gnu.linkonce.sb.*)
 *(.rela.sbss .rela.sbss.* .rela.gnu.linkonce.sb.*)
 *(.rel.sdata2 .rel.sdata2.* .rel.gnu.linkonce.s2.*)
 *(.rela.sdata2 .rela.sdata2.* .rela.gnu.linkonce.s2.*)
 *(.rel.sbss2 .rel.sbss2.* .rel.gnu.linkonce.sb2.*)
 *(.rela.sbss2 .rela.sbss2.* .rela.gnu.linkonce.sb2.*)
 *(.rel.bss .rel.bss.* .rel.gnu.linkonce.b.*)
 *(.rela.bss .rela.bss.* .rela.gnu.linkonce.b.*)
 *(.rel.plt)
 *(.rela.plt)
 *(.rel.dyn)
 *(.init)
 *(.plt)
 *(.text .stub .text.* .gnu.linkonce.t.*)
 .text          0x0000000000020244       0x4c ../test_bsp//obj/HAL/src/crt0.o
                0x0000000000020244                _start
 .text          0x0000000000020290      0x16c obj/default/hello_world.o
                0x0000000000020290                generate_pwm
                0x0000000000020364                main
 .text          0x00000000000203fc       0x74 c:/intelfpga_lite/18.1/nios2eds/bin/gnu/h-x86_64-mingw32/bin/../lib/gcc/nios2-elf/5.3.0\libgcc.a(_fixunsdfsi.o)
                0x00000000000203fc                __fixunsdfsi
 .text          0x0000000000020470      0x1b4 c:/intelfpga_lite/18.1/nios2eds/bin/gnu/h-x86_64-mingw32/bin/../lib/gcc/nios2-elf/5.3.0\libgcc.a(lib2-divmod.o)
                0x0000000000020470                __divsi3
                0x00000000000204f4                __modsi3
                0x0000000000020568                __udivsi3
                0x00000000000205cc                __umodsi3
 .text          0x0000000000020624       0xdc c:/intelfpga_lite/18.1/nios2eds/bin/gnu/h-x86_64-mingw32/bin/../lib/gcc/nios2-elf/5.3.0\libgcc.a(gedf2.o)
                0x0000000000020624                __gedf2
                0x0000000000020624                __gtdf2
 .text          0x0000000000020700      0x718 c:/intelfpga_lite/18.1/nios2eds/bin/gnu/h-x86_64-mingw32/bin/../lib/gcc/nios2-elf/5.3.0\libgcc.a(muldf3.o)
                0x0000000000020700                __muldf3
 .text          0x0000000000020e18      0x8fc c:/intelfpga_lite/18.1/nios2eds/bin/gnu/h-x86_64-mingw32/bin/../lib/gcc/nios2-elf/5.3.0\libgcc.a(subdf3.o)
                0x0000000000020e18                __subdf3
 .text          0x0000000000021714       0x80 c:/intelfpga_lite/18.1/nios2eds/bin/gnu/h-x86_64-mingw32/bin/../lib/gcc/nios2-elf/5.3.0\libgcc.a(fixdfsi.o)
                0x0000000000021714                __fixdfsi
 .text          0x0000000000021794       0xa8 c:/intelfpga_lite/18.1/nios2eds/bin/gnu/h-x86_64-mingw32/bin/../lib/gcc/nios2-elf/5.3.0\libgcc.a(floatunsidf.o)
                0x0000000000021794                __floatunsidf
 .text          0x000000000002183c       0x64 c:/intelfpga_lite/18.1/nios2eds/bin/gnu/h-x86_64-mingw32/bin/../lib/gcc/nios2-elf/5.3.0\libgcc.a(_clzsi2.o)
                0x000000000002183c                __clzsi2
 .text          0x00000000000218a0        0x0 c:/intelfpga_lite/18.1/nios2eds/bin/gnu/h-x86_64-mingw32/bin/../lib/gcc/nios2-elf/5.3.0\libgcc.a(_clz.o)
 .text          0x00000000000218a0       0xec ../test_bsp/\libhal_bsp.a(alt_load.o)
                0x0000000000021908                alt_load
 .text          0x000000000002198c       0x7c ../test_bsp/\libhal_bsp.a(alt_main.o)
                0x000000000002198c                alt_main
 .text          0x0000000000021a08       0xb4 ../test_bsp/\libhal_bsp.a(alt_sys_init.o)
                0x0000000000021a3c                alt_irq_init
                0x0000000000021a74                alt_sys_init
 .text          0x0000000000021abc      0x164 ../test_bsp/\libhal_bsp.a(altera_avalon_jtag_uart_fd.o)
                0x0000000000021abc                altera_avalon_jtag_uart_read_fd
                0x0000000000021b1c                altera_avalon_jtag_uart_write_fd
                0x0000000000021b7c                altera_avalon_jtag_uart_close_fd
                0x0000000000021bcc                altera_avalon_jtag_uart_ioctl_fd
 .text          0x0000000000021c20      0x3d4 ../test_bsp/\libhal_bsp.a(altera_avalon_jtag_uart_init.o)
                0x0000000000021c20                altera_avalon_jtag_uart_init
                0x0000000000021f8c                altera_avalon_jtag_uart_close
 .text          0x0000000000021ff4       0xf0 ../test_bsp/\libhal_bsp.a(altera_avalon_jtag_uart_ioctl.o)
                0x0000000000021ff4                altera_avalon_jtag_uart_ioctl
 .text          0x00000000000220e4      0x21c ../test_bsp/\libhal_bsp.a(altera_avalon_jtag_uart_read.o)
                0x00000000000220e4                altera_avalon_jtag_uart_read
 .text          0x0000000000022300      0x224 ../test_bsp/\libhal_bsp.a(altera_avalon_jtag_uart_write.o)
                0x0000000000022300                altera_avalon_jtag_uart_write
 .text          0x0000000000022524      0x12c ../test_bsp/\libhal_bsp.a(alt_alarm_start.o)
                0x0000000000022524                alt_alarm_start
 .text          0x0000000000022650      0x10c ../test_bsp/\libhal_bsp.a(alt_close.o)
                0x000000000002268c                close
 .text          0x000000000002275c       0x48 ../test_bsp/\libhal_bsp.a(alt_dcache_flush_all.o)
                0x000000000002275c                alt_dcache_flush_all
 .text          0x00000000000227a4       0x2c ../test_bsp/\libhal_bsp.a(alt_dev.o)
 .text          0x00000000000227d0       0xe0 ../test_bsp/\libhal_bsp.a(alt_dev_llist_insert.o)
                0x000000000002280c                alt_dev_llist_insert
 .text          0x00000000000228b0       0x60 ../test_bsp/\libhal_bsp.a(alt_do_ctors.o)
                0x00000000000228b0                _do_ctors
 .text          0x0000000000022910       0x60 ../test_bsp/\libhal_bsp.a(alt_do_dtors.o)
                0x0000000000022910                _do_dtors
 .text          0x0000000000022970        0x0 ../test_bsp/\libhal_bsp.a(alt_errno.o)
 .text          0x0000000000022970       0x34 ../test_bsp/\libhal_bsp.a(alt_icache_flush_all.o)
                0x0000000000022970                alt_icache_flush_all
 .text          0x00000000000229a4      0x1b0 ../test_bsp/\libhal_bsp.a(alt_iic.o)
                0x00000000000229a4                alt_ic_isr_register
                0x00000000000229f4                alt_ic_irq_enable
                0x0000000000022a7c                alt_ic_irq_disable
                0x0000000000022b08                alt_ic_irq_enabled
 .text          0x0000000000022b54       0xf0 ../test_bsp/\libhal_bsp.a(alt_iic_isr_register.o)
                0x0000000000022b54                alt_iic_isr_register
 .text          0x0000000000022c44      0x140 ../test_bsp/\libhal_bsp.a(alt_io_redirect.o)
                0x0000000000022d08                alt_io_redirect
 .text          0x0000000000022d84        0x0 ../test_bsp/\libhal_bsp.a(alt_irq_entry.o)
 .text          0x0000000000022d84        0x0 ../test_bsp/\libhal_bsp.a(alt_irq_handler.o)
 .text          0x0000000000022d84        0x0 ../test_bsp/\libhal_bsp.a(alt_irq_vars.o)
 .text          0x0000000000022d84      0x254 ../test_bsp/\libhal_bsp.a(alt_open.o)
                0x0000000000022e84                open
 .text          0x0000000000022fd8       0x64 ../test_bsp/\libhal_bsp.a(alt_release_fd.o)
                0x0000000000022fd8                alt_release_fd
 .text          0x000000000002303c      0x1a4 ../test_bsp/\libhal_bsp.a(alt_tick.o)
                0x000000000002303c                alt_alarm_stop
                0x00000000000230d8                alt_tick
 .text          0x00000000000231e0       0x24 ../test_bsp/\libhal_bsp.a(altera_nios2_gen2_irq.o)
                0x00000000000231e0                altera_nios2_gen2_irq_init
 .text          0x0000000000023204        0x0 ../test_bsp/\libhal_bsp.a(alt_exception_entry.o)
 .text          0x0000000000023204       0x90 ../test_bsp/\libhal_bsp.a(alt_find_dev.o)
                0x0000000000023204                alt_find_dev
 .text          0x0000000000023294      0x108 ../test_bsp/\libhal_bsp.a(alt_find_file.o)
                0x0000000000023294                alt_find_file
 .text          0x000000000002339c       0xa4 ../test_bsp/\libhal_bsp.a(alt_get_fd.o)
                0x000000000002339c                alt_get_fd
 .text          0x0000000000023440       0x90 ../test_bsp/\libhal_bsp.a(alt_icache_flush.o)
                0x0000000000023440                alt_icache_flush
 .text          0x00000000000234d0       0x9c ../test_bsp/\libhal_bsp.a(alt_instruction_exception_entry.o)
                0x00000000000234d0                alt_exception_cause_generated_bad_addr
 .text          0x000000000002356c        0x0 c:/intelfpga_lite/18.1/nios2eds/bin/gnu/h-x86_64-mingw32/bin/../lib/gcc/nios2-elf/5.3.0/../../../../../H-x86_64-mingw32/nios2-elf/lib\libc.a(lib_a-atexit.o)
 .text.atexit   0x000000000002356c       0x14 c:/intelfpga_lite/18.1/nios2eds/bin/gnu/h-x86_64-mingw32/bin/../lib/gcc/nios2-elf/5.3.0/../../../../../H-x86_64-mingw32/nios2-elf/lib\libc.a(lib_a-atexit.o)
                0x000000000002356c                atexit
 .text          0x0000000000023580        0x0 c:/intelfpga_lite/18.1/nios2eds/bin/gnu/h-x86_64-mingw32/bin/../lib/gcc/nios2-elf/5.3.0/../../../../../H-x86_64-mingw32/nios2-elf/lib\libc.a(lib_a-exit.o)
 .text.exit     0x0000000000023580       0x38 c:/intelfpga_lite/18.1/nios2eds/bin/gnu/h-x86_64-mingw32/bin/../lib/gcc/nios2-elf/5.3.0/../../../../../H-x86_64-mingw32/nios2-elf/lib\libc.a(lib_a-exit.o)
                0x0000000000023580                exit
 .text          0x00000000000235b8        0x0 c:/intelfpga_lite/18.1/nios2eds/bin/gnu/h-x86_64-mingw32/bin/../lib/gcc/nios2-elf/5.3.0/../../../../../H-x86_64-mingw32/nios2-elf/lib\libc.a(lib_a-impure.o)
 .text          0x00000000000235b8        0x0 c:/intelfpga_lite/18.1/nios2eds/bin/gnu/h-x86_64-mingw32/bin/../lib/gcc/nios2-elf/5.3.0/../../../../../H-x86_64-mingw32/nios2-elf/lib\libc.a(lib_a-int_errno.o)
 .text          0x00000000000235b8        0x0 c:/intelfpga_lite/18.1/nios2eds/bin/gnu/h-x86_64-mingw32/bin/../lib/gcc/nios2-elf/5.3.0/../../../../../H-x86_64-mingw32/nios2-elf/lib\libc.a(lib_a-memcmp.o)
 .text.memcmp   0x00000000000235b8       0x7c c:/intelfpga_lite/18.1/nios2eds/bin/gnu/h-x86_64-mingw32/bin/../lib/gcc/nios2-elf/5.3.0/../../../../../H-x86_64-mingw32/nios2-elf/lib\libc.a(lib_a-memcmp.o)
                0x00000000000235b8                memcmp
 .text          0x0000000000023634        0x0 c:/intelfpga_lite/18.1/nios2eds/bin/gnu/h-x86_64-mingw32/bin/../lib/gcc/nios2-elf/5.3.0/../../../../../H-x86_64-mingw32/nios2-elf/lib\libc.a(lib_a-memcpy.o)
 .text.memcpy   0x0000000000023634      0x148 c:/intelfpga_lite/18.1/nios2eds/bin/gnu/h-x86_64-mingw32/bin/../lib/gcc/nios2-elf/5.3.0/../../../../../H-x86_64-mingw32/nios2-elf/lib\libc.a(lib_a-memcpy.o)
                0x0000000000023634                memcpy
 .text          0x000000000002377c        0x0 c:/intelfpga_lite/18.1/nios2eds/bin/gnu/h-x86_64-mingw32/bin/../lib/gcc/nios2-elf/5.3.0/../../../../../H-x86_64-mingw32/nios2-elf/lib\libc.a(lib_a-strlen.o)
 .text.strlen   0x000000000002377c       0x98 c:/intelfpga_lite/18.1/nios2eds/bin/gnu/h-x86_64-mingw32/bin/../lib/gcc/nios2-elf/5.3.0/../../../../../H-x86_64-mingw32/nios2-elf/lib\libc.a(lib_a-strlen.o)
                0x000000000002377c                strlen
 .text          0x0000000000023814        0x0 c:/intelfpga_lite/18.1/nios2eds/bin/gnu/h-x86_64-mingw32/bin/../lib/gcc/nios2-elf/5.3.0/../../../../../H-x86_64-mingw32/nios2-elf/lib\libc.a(lib_a-__atexit.o)
 .text.__register_exitproc
                0x0000000000023814      0x118 c:/intelfpga_lite/18.1/nios2eds/bin/gnu/h-x86_64-mingw32/bin/../lib/gcc/nios2-elf/5.3.0/../../../../../H-x86_64-mingw32/nios2-elf/lib\libc.a(lib_a-__atexit.o)
                0x0000000000023814                __register_exitproc
 .text          0x000000000002392c        0x0 c:/intelfpga_lite/18.1/nios2eds/bin/gnu/h-x86_64-mingw32/bin/../lib/gcc/nios2-elf/5.3.0/../../../../../H-x86_64-mingw32/nios2-elf/lib\libc.a(lib_a-__call_atexit.o)
 .text.__call_exitprocs
                0x000000000002392c      0x180 c:/intelfpga_lite/18.1/nios2eds/bin/gnu/h-x86_64-mingw32/bin/../lib/gcc/nios2-elf/5.3.0/../../../../../H-x86_64-mingw32/nios2-elf/lib\libc.a(lib_a-__call_atexit.o)
                0x000000000002392c                __call_exitprocs
 .text          0x0000000000023aac       0x34 ../test_bsp/\libhal_bsp.a(alt_exit.o)
                0x0000000000023aac                _exit
 *(.gnu.warning.*)
 *(.fini)
                [!provide]                        PROVIDE (__etext, ABSOLUTE (.))
                [!provide]                        PROVIDE (_etext, ABSOLUTE (.))
                [!provide]                        PROVIDE (etext, ABSOLUTE (.))
 *(.eh_frame_hdr)
                0x0000000000023ae0                . = ALIGN (0x4)
                [!provide]                        PROVIDE (__preinit_array_start, ABSOLUTE (.))
 *(.preinit_array)
                [!provide]                        PROVIDE (__preinit_array_end, ABSOLUTE (.))
                [!provide]                        PROVIDE (__init_array_start, ABSOLUTE (.))
 *(.init_array)
                [!provide]                        PROVIDE (__init_array_end, ABSOLUTE (.))
                [!provide]                        PROVIDE (__fini_array_start, ABSOLUTE (.))
 *(.fini_array)
                [!provide]                        PROVIDE (__fini_array_end, ABSOLUTE (.))
 *(.eh_frame)
 *(.gcc_except_table .gcc_except_table.*)
 *(.dynamic)
                0x0000000000023ae0                PROVIDE (__CTOR_LIST__, ABSOLUTE (.))
 *(.ctors)
 *(SORT(.ctors.*))
                0x0000000000023ae0                PROVIDE (__CTOR_END__, ABSOLUTE (.))
                0x0000000000023ae0                PROVIDE (__DTOR_LIST__, ABSOLUTE (.))
 *(.dtors)
 *(SORT(.dtors.*))
                0x0000000000023ae0                PROVIDE (__DTOR_END__, ABSOLUTE (.))
 *(.jcr)
                0x0000000000023ae0                . = ALIGN (0x4)

.rodata         0x0000000000023ae0      0x138
                0x0000000000023ae0                PROVIDE (__ram_rodata_start, ABSOLUTE (.))
                0x0000000000023ae0                . = ALIGN (0x4)
 *(.rodata .rodata.* .gnu.linkonce.r.*)
 .rodata        0x0000000000023ae0      0x100 c:/intelfpga_lite/18.1/nios2eds/bin/gnu/h-x86_64-mingw32/bin/../lib/gcc/nios2-elf/5.3.0\libgcc.a(_clz.o)
                0x0000000000023ae0                __clz_tab
 .rodata        0x0000000000023be0       0x11 ../test_bsp/\libhal_bsp.a(alt_main.o)
 *fill*         0x0000000000023bf1        0x3 
 .rodata        0x0000000000023bf4       0x11 ../test_bsp/\libhal_bsp.a(alt_sys_init.o)
 *fill*         0x0000000000023c05        0x3 
 .rodata        0x0000000000023c08        0xa ../test_bsp/\libhal_bsp.a(alt_dev.o)
 *fill*         0x0000000000023c12        0x2 
 .rodata.str1.4
                0x0000000000023c14        0x4 c:/intelfpga_lite/18.1/nios2eds/bin/gnu/h-x86_64-mingw32/bin/../lib/gcc/nios2-elf/5.3.0/../../../../../H-x86_64-mingw32/nios2-elf/lib\libc.a(lib_a-impure.o)
                                          0x2 (size before relaxing)
 *(.rodata1)
                0x0000000000023c18                . = ALIGN (0x4)
                0x0000000000023c18                PROVIDE (__ram_rodata_end, ABSOLUTE (.))
                0x0000000000023ae0                PROVIDE (__flash_rodata_start, LOADADDR (.rodata))

.rwdata         0x0000000000023c18     0x1658 load address 0x0000000000025270
                0x0000000000023c18                PROVIDE (__ram_rwdata_start, ABSOLUTE (.))
                0x0000000000023c18                . = ALIGN (0x4)
 *(.got.plt)
 *(.got)
 *(.data1)
 *(.data .data.* .gnu.linkonce.d.*)
 .data          0x0000000000023c18        0x0 ../test_bsp//obj/HAL/src/crt0.o
 .data          0x0000000000023c18        0x0 obj/default/hello_world.o
 .data          0x0000000000023c18        0x0 c:/intelfpga_lite/18.1/nios2eds/bin/gnu/h-x86_64-mingw32/bin/../lib/gcc/nios2-elf/5.3.0\libgcc.a(_fixunsdfsi.o)
 .data          0x0000000000023c18        0x0 c:/intelfpga_lite/18.1/nios2eds/bin/gnu/h-x86_64-mingw32/bin/../lib/gcc/nios2-elf/5.3.0\libgcc.a(lib2-divmod.o)
 .data          0x0000000000023c18        0x0 c:/intelfpga_lite/18.1/nios2eds/bin/gnu/h-x86_64-mingw32/bin/../lib/gcc/nios2-elf/5.3.0\libgcc.a(gedf2.o)
 .data          0x0000000000023c18        0x0 c:/intelfpga_lite/18.1/nios2eds/bin/gnu/h-x86_64-mingw32/bin/../lib/gcc/nios2-elf/5.3.0\libgcc.a(muldf3.o)
 .data          0x0000000000023c18        0x0 c:/intelfpga_lite/18.1/nios2eds/bin/gnu/h-x86_64-mingw32/bin/../lib/gcc/nios2-elf/5.3.0\libgcc.a(subdf3.o)
 .data          0x0000000000023c18        0x0 c:/intelfpga_lite/18.1/nios2eds/bin/gnu/h-x86_64-mingw32/bin/../lib/gcc/nios2-elf/5.3.0\libgcc.a(fixdfsi.o)
 .data          0x0000000000023c18        0x0 c:/intelfpga_lite/18.1/nios2eds/bin/gnu/h-x86_64-mingw32/bin/../lib/gcc/nios2-elf/5.3.0\libgcc.a(floatunsidf.o)
 .data          0x0000000000023c18        0x0 c:/intelfpga_lite/18.1/nios2eds/bin/gnu/h-x86_64-mingw32/bin/../lib/gcc/nios2-elf/5.3.0\libgcc.a(_clzsi2.o)
 .data          0x0000000000023c18        0x0 c:/intelfpga_lite/18.1/nios2eds/bin/gnu/h-x86_64-mingw32/bin/../lib/gcc/nios2-elf/5.3.0\libgcc.a(_clz.o)
 .data          0x0000000000023c18        0x0 ../test_bsp/\libhal_bsp.a(alt_load.o)
 .data          0x0000000000023c18        0x0 ../test_bsp/\libhal_bsp.a(alt_main.o)
 .data          0x0000000000023c18     0x1060 ../test_bsp/\libhal_bsp.a(alt_sys_init.o)
 .data          0x0000000000024c78        0x0 ../test_bsp/\libhal_bsp.a(altera_avalon_jtag_uart_fd.o)
 .data          0x0000000000024c78        0x0 ../test_bsp/\libhal_bsp.a(altera_avalon_jtag_uart_init.o)
 .data          0x0000000000024c78        0x0 ../test_bsp/\libhal_bsp.a(altera_avalon_jtag_uart_ioctl.o)
 .data          0x0000000000024c78        0x0 ../test_bsp/\libhal_bsp.a(altera_avalon_jtag_uart_read.o)
 .data          0x0000000000024c78        0x0 ../test_bsp/\libhal_bsp.a(altera_avalon_jtag_uart_write.o)
 .data          0x0000000000024c78        0x0 ../test_bsp/\libhal_bsp.a(alt_alarm_start.o)
 .data          0x0000000000024c78        0x0 ../test_bsp/\libhal_bsp.a(alt_close.o)
 .data          0x0000000000024c78        0x0 ../test_bsp/\libhal_bsp.a(alt_dcache_flush_all.o)
 .data          0x0000000000024c78      0x1a8 ../test_bsp/\libhal_bsp.a(alt_dev.o)
                0x0000000000024c78                alt_dev_null
                0x0000000000024ca0                alt_fd_list
 .data          0x0000000000024e20        0x0 ../test_bsp/\libhal_bsp.a(alt_dev_llist_insert.o)
 .data          0x0000000000024e20        0x0 ../test_bsp/\libhal_bsp.a(alt_do_ctors.o)
 .data          0x0000000000024e20        0x0 ../test_bsp/\libhal_bsp.a(alt_do_dtors.o)
 .data          0x0000000000024e20        0x0 ../test_bsp/\libhal_bsp.a(alt_errno.o)
 .data          0x0000000000024e20        0x0 ../test_bsp/\libhal_bsp.a(alt_icache_flush_all.o)
 .data          0x0000000000024e20        0x0 ../test_bsp/\libhal_bsp.a(alt_iic.o)
 .data          0x0000000000024e20        0x0 ../test_bsp/\libhal_bsp.a(alt_iic_isr_register.o)
 .data          0x0000000000024e20        0x0 ../test_bsp/\libhal_bsp.a(alt_io_redirect.o)
 .data          0x0000000000024e20        0x0 ../test_bsp/\libhal_bsp.a(alt_irq_entry.o)
 .data          0x0000000000024e20        0x0 ../test_bsp/\libhal_bsp.a(alt_irq_handler.o)
 .data          0x0000000000024e20        0x0 ../test_bsp/\libhal_bsp.a(alt_irq_vars.o)
 .data          0x0000000000024e20        0x0 ../test_bsp/\libhal_bsp.a(alt_open.o)
 .data          0x0000000000024e20        0x0 ../test_bsp/\libhal_bsp.a(alt_release_fd.o)
 .data          0x0000000000024e20        0x0 ../test_bsp/\libhal_bsp.a(alt_tick.o)
 .data          0x0000000000024e20        0x0 ../test_bsp/\libhal_bsp.a(altera_nios2_gen2_irq.o)
 .data          0x0000000000024e20        0x0 ../test_bsp/\libhal_bsp.a(alt_exception_entry.o)
 .data          0x0000000000024e20        0x0 ../test_bsp/\libhal_bsp.a(alt_find_dev.o)
 .data          0x0000000000024e20        0x0 ../test_bsp/\libhal_bsp.a(alt_find_file.o)
 .data          0x0000000000024e20        0x0 ../test_bsp/\libhal_bsp.a(alt_get_fd.o)
 .data          0x0000000000024e20        0x0 ../test_bsp/\libhal_bsp.a(alt_icache_flush.o)
 .data          0x0000000000024e20        0x0 ../test_bsp/\libhal_bsp.a(alt_instruction_exception_entry.o)
 .data          0x0000000000024e20        0x0 c:/intelfpga_lite/18.1/nios2eds/bin/gnu/h-x86_64-mingw32/bin/../lib/gcc/nios2-elf/5.3.0/../../../../../H-x86_64-mingw32/nios2-elf/lib\libc.a(lib_a-atexit.o)
 .data          0x0000000000024e20        0x0 c:/intelfpga_lite/18.1/nios2eds/bin/gnu/h-x86_64-mingw32/bin/../lib/gcc/nios2-elf/5.3.0/../../../../../H-x86_64-mingw32/nios2-elf/lib\libc.a(lib_a-exit.o)
 .data          0x0000000000024e20        0x0 c:/intelfpga_lite/18.1/nios2eds/bin/gnu/h-x86_64-mingw32/bin/../lib/gcc/nios2-elf/5.3.0/../../../../../H-x86_64-mingw32/nios2-elf/lib\libc.a(lib_a-impure.o)
 .data.impure_data
                0x0000000000024e20      0x424 c:/intelfpga_lite/18.1/nios2eds/bin/gnu/h-x86_64-mingw32/bin/../lib/gcc/nios2-elf/5.3.0/../../../../../H-x86_64-mingw32/nios2-elf/lib\libc.a(lib_a-impure.o)
 .data          0x0000000000025244        0x0 c:/intelfpga_lite/18.1/nios2eds/bin/gnu/h-x86_64-mingw32/bin/../lib/gcc/nios2-elf/5.3.0/../../../../../H-x86_64-mingw32/nios2-elf/lib\libc.a(lib_a-int_errno.o)
 .data          0x0000000000025244        0x0 c:/intelfpga_lite/18.1/nios2eds/bin/gnu/h-x86_64-mingw32/bin/../lib/gcc/nios2-elf/5.3.0/../../../../../H-x86_64-mingw32/nios2-elf/lib\libc.a(lib_a-memcmp.o)
 .data          0x0000000000025244        0x0 c:/intelfpga_lite/18.1/nios2eds/bin/gnu/h-x86_64-mingw32/bin/../lib/gcc/nios2-elf/5.3.0/../../../../../H-x86_64-mingw32/nios2-elf/lib\libc.a(lib_a-memcpy.o)
 .data          0x0000000000025244        0x0 c:/intelfpga_lite/18.1/nios2eds/bin/gnu/h-x86_64-mingw32/bin/../lib/gcc/nios2-elf/5.3.0/../../../../../H-x86_64-mingw32/nios2-elf/lib\libc.a(lib_a-strlen.o)
 .data          0x0000000000025244        0x0 c:/intelfpga_lite/18.1/nios2eds/bin/gnu/h-x86_64-mingw32/bin/../lib/gcc/nios2-elf/5.3.0/../../../../../H-x86_64-mingw32/nios2-elf/lib\libc.a(lib_a-__atexit.o)
 .data          0x0000000000025244        0x0 c:/intelfpga_lite/18.1/nios2eds/bin/gnu/h-x86_64-mingw32/bin/../lib/gcc/nios2-elf/5.3.0/../../../../../H-x86_64-mingw32/nios2-elf/lib\libc.a(lib_a-__call_atexit.o)
 .data          0x0000000000025244        0x0 ../test_bsp/\libhal_bsp.a(alt_exit.o)
                0x000000000002d244                _gp = ABSOLUTE ((. + 0x8000))
                [!provide]                        PROVIDE (gp, _gp)
 *(.rwdata .rwdata.*)
 *(.sdata .sdata.* .gnu.linkonce.s.*)
 .sdata         0x0000000000025244       0x14 ../test_bsp/\libhal_bsp.a(alt_dev.o)
                0x0000000000025244                alt_fs_list
                0x000000000002524c                alt_dev_list
                0x0000000000025254                alt_max_fd
 .sdata         0x0000000000025258        0x4 ../test_bsp/\libhal_bsp.a(alt_errno.o)
                0x0000000000025258                alt_errno
 .sdata         0x000000000002525c        0x4 ../test_bsp/\libhal_bsp.a(alt_irq_vars.o)
                0x000000000002525c                alt_priority_mask
 .sdata         0x0000000000025260        0x8 ../test_bsp/\libhal_bsp.a(alt_tick.o)
                0x0000000000025260                alt_alarm_list
 .sdata._global_impure_ptr
                0x0000000000025268        0x4 c:/intelfpga_lite/18.1/nios2eds/bin/gnu/h-x86_64-mingw32/bin/../lib/gcc/nios2-elf/5.3.0/../../../../../H-x86_64-mingw32/nios2-elf/lib\libc.a(lib_a-impure.o)
                0x0000000000025268                _global_impure_ptr
 .sdata._impure_ptr
                0x000000000002526c        0x4 c:/intelfpga_lite/18.1/nios2eds/bin/gnu/h-x86_64-mingw32/bin/../lib/gcc/nios2-elf/5.3.0/../../../../../H-x86_64-mingw32/nios2-elf/lib\libc.a(lib_a-impure.o)
                0x000000000002526c                _impure_ptr
 *(.sdata2 .sdata2.* .gnu.linkonce.s2.*)
                0x0000000000025270                . = ALIGN (0x4)
                0x0000000000025270                _edata = ABSOLUTE (.)
                [!provide]                        PROVIDE (edata, ABSOLUTE (.))
                0x0000000000025270                PROVIDE (__ram_rwdata_end, ABSOLUTE (.))
                0x0000000000025270                PROVIDE (__flash_rwdata_start, LOADADDR (.rwdata))

.bss            0x00000000000268c8      0x120
                0x00000000000268c8                __bss_start = ABSOLUTE (.)
                [!provide]                        PROVIDE (__sbss_start, ABSOLUTE (.))
                [!provide]                        PROVIDE (___sbss_start, ABSOLUTE (.))
 *(.dynsbss)
 *(.sbss .sbss.* .gnu.linkonce.sb.*)
 .sbss          0x00000000000268c8        0xc ../test_bsp/\libhal_bsp.a(alt_main.o)
                0x00000000000268c8                alt_argc
                0x00000000000268cc                alt_argv
                0x00000000000268d0                alt_envp
 .sbss          0x00000000000268d4        0x4 ../test_bsp/\libhal_bsp.a(alt_irq_vars.o)
                0x00000000000268d4                alt_irq_active
 .sbss          0x00000000000268d8        0x8 ../test_bsp/\libhal_bsp.a(alt_tick.o)
                0x00000000000268d8                _alt_tick_rate
                0x00000000000268dc                _alt_nticks
 .sbss          0x00000000000268e0        0x4 ../test_bsp/\libhal_bsp.a(alt_instruction_exception_entry.o)
                0x00000000000268e0                alt_instruction_exception_handler
 .sbss          0x00000000000268e4        0x4 c:/intelfpga_lite/18.1/nios2eds/bin/gnu/h-x86_64-mingw32/bin/../lib/gcc/nios2-elf/5.3.0/../../../../../H-x86_64-mingw32/nios2-elf/lib\libc.a(lib_a-int_errno.o)
                0x00000000000268e4                errno
 *(.sbss2 .sbss2.* .gnu.linkonce.sb2.*)
 *(.scommon)
                [!provide]                        PROVIDE (__sbss_end, ABSOLUTE (.))
                [!provide]                        PROVIDE (___sbss_end, ABSOLUTE (.))
 *(.dynbss)
 *(.bss .bss.* .gnu.linkonce.b.*)
 .bss           0x00000000000268e8        0x0 ../test_bsp//obj/HAL/src/crt0.o
 .bss           0x00000000000268e8        0x0 obj/default/hello_world.o
 .bss           0x00000000000268e8        0x0 c:/intelfpga_lite/18.1/nios2eds/bin/gnu/h-x86_64-mingw32/bin/../lib/gcc/nios2-elf/5.3.0\libgcc.a(_fixunsdfsi.o)
 .bss           0x00000000000268e8        0x0 c:/intelfpga_lite/18.1/nios2eds/bin/gnu/h-x86_64-mingw32/bin/../lib/gcc/nios2-elf/5.3.0\libgcc.a(lib2-divmod.o)
 .bss           0x00000000000268e8        0x0 c:/intelfpga_lite/18.1/nios2eds/bin/gnu/h-x86_64-mingw32/bin/../lib/gcc/nios2-elf/5.3.0\libgcc.a(gedf2.o)
 .bss           0x00000000000268e8        0x0 c:/intelfpga_lite/18.1/nios2eds/bin/gnu/h-x86_64-mingw32/bin/../lib/gcc/nios2-elf/5.3.0\libgcc.a(muldf3.o)
 .bss           0x00000000000268e8        0x0 c:/intelfpga_lite/18.1/nios2eds/bin/gnu/h-x86_64-mingw32/bin/../lib/gcc/nios2-elf/5.3.0\libgcc.a(subdf3.o)
 .bss           0x00000000000268e8        0x0 c:/intelfpga_lite/18.1/nios2eds/bin/gnu/h-x86_64-mingw32/bin/../lib/gcc/nios2-elf/5.3.0\libgcc.a(fixdfsi.o)
 .bss           0x00000000000268e8        0x0 c:/intelfpga_lite/18.1/nios2eds/bin/gnu/h-x86_64-mingw32/bin/../lib/gcc/nios2-elf/5.3.0\libgcc.a(floatunsidf.o)
 .bss           0x00000000000268e8        0x0 c:/intelfpga_lite/18.1/nios2eds/bin/gnu/h-x86_64-mingw32/bin/../lib/gcc/nios2-elf/5.3.0\libgcc.a(_clzsi2.o)
 .bss           0x00000000000268e8        0x0 c:/intelfpga_lite/18.1/nios2eds/bin/gnu/h-x86_64-mingw32/bin/../lib/gcc/nios2-elf/5.3.0\libgcc.a(_clz.o)
 .bss           0x00000000000268e8        0x0 ../test_bsp/\libhal_bsp.a(alt_load.o)
 .bss           0x00000000000268e8        0x0 ../test_bsp/\libhal_bsp.a(alt_main.o)
 .bss           0x00000000000268e8        0x0 ../test_bsp/\libhal_bsp.a(alt_sys_init.o)
 .bss           0x00000000000268e8        0x0 ../test_bsp/\libhal_bsp.a(altera_avalon_jtag_uart_fd.o)
 .bss           0x00000000000268e8        0x0 ../test_bsp/\libhal_bsp.a(altera_avalon_jtag_uart_init.o)
 .bss           0x00000000000268e8        0x0 ../test_bsp/\libhal_bsp.a(altera_avalon_jtag_uart_ioctl.o)
 .bss           0x00000000000268e8        0x0 ../test_bsp/\libhal_bsp.a(altera_avalon_jtag_uart_read.o)
 .bss           0x00000000000268e8        0x0 ../test_bsp/\libhal_bsp.a(altera_avalon_jtag_uart_write.o)
 .bss           0x00000000000268e8        0x0 ../test_bsp/\libhal_bsp.a(alt_alarm_start.o)
 .bss           0x00000000000268e8        0x0 ../test_bsp/\libhal_bsp.a(alt_close.o)
 .bss           0x00000000000268e8        0x0 ../test_bsp/\libhal_bsp.a(alt_dcache_flush_all.o)
 .bss           0x00000000000268e8        0x0 ../test_bsp/\libhal_bsp.a(alt_dev.o)
 .bss           0x00000000000268e8        0x0 ../test_bsp/\libhal_bsp.a(alt_dev_llist_insert.o)
 .bss           0x00000000000268e8        0x0 ../test_bsp/\libhal_bsp.a(alt_do_ctors.o)
 .bss           0x00000000000268e8        0x0 ../test_bsp/\libhal_bsp.a(alt_do_dtors.o)
 .bss           0x00000000000268e8        0x0 ../test_bsp/\libhal_bsp.a(alt_errno.o)
 .bss           0x00000000000268e8        0x0 ../test_bsp/\libhal_bsp.a(alt_icache_flush_all.o)
 .bss           0x00000000000268e8        0x0 ../test_bsp/\libhal_bsp.a(alt_iic.o)
 .bss           0x00000000000268e8        0x0 ../test_bsp/\libhal_bsp.a(alt_iic_isr_register.o)
 .bss           0x00000000000268e8        0x0 ../test_bsp/\libhal_bsp.a(alt_io_redirect.o)
 .bss           0x00000000000268e8        0x0 ../test_bsp/\libhal_bsp.a(alt_irq_entry.o)
 .bss           0x00000000000268e8        0x0 ../test_bsp/\libhal_bsp.a(alt_irq_handler.o)
 .bss           0x00000000000268e8        0x0 ../test_bsp/\libhal_bsp.a(alt_irq_vars.o)
 .bss           0x00000000000268e8        0x0 ../test_bsp/\libhal_bsp.a(alt_open.o)
 .bss           0x00000000000268e8        0x0 ../test_bsp/\libhal_bsp.a(alt_release_fd.o)
 .bss           0x00000000000268e8        0x0 ../test_bsp/\libhal_bsp.a(alt_tick.o)
 .bss           0x00000000000268e8        0x0 ../test_bsp/\libhal_bsp.a(altera_nios2_gen2_irq.o)
 .bss           0x00000000000268e8        0x0 ../test_bsp/\libhal_bsp.a(alt_exception_entry.o)
 .bss           0x00000000000268e8        0x0 ../test_bsp/\libhal_bsp.a(alt_find_dev.o)
 .bss           0x00000000000268e8        0x0 ../test_bsp/\libhal_bsp.a(alt_find_file.o)
 .bss           0x00000000000268e8        0x0 ../test_bsp/\libhal_bsp.a(alt_get_fd.o)
 .bss           0x00000000000268e8        0x0 ../test_bsp/\libhal_bsp.a(alt_icache_flush.o)
 .bss           0x00000000000268e8        0x0 ../test_bsp/\libhal_bsp.a(alt_instruction_exception_entry.o)
 .bss           0x00000000000268e8        0x0 c:/intelfpga_lite/18.1/nios2eds/bin/gnu/h-x86_64-mingw32/bin/../lib/gcc/nios2-elf/5.3.0/../../../../../H-x86_64-mingw32/nios2-elf/lib\libc.a(lib_a-atexit.o)
 .bss           0x00000000000268e8        0x0 c:/intelfpga_lite/18.1/nios2eds/bin/gnu/h-x86_64-mingw32/bin/../lib/gcc/nios2-elf/5.3.0/../../../../../H-x86_64-mingw32/nios2-elf/lib\libc.a(lib_a-exit.o)
 .bss           0x00000000000268e8        0x0 c:/intelfpga_lite/18.1/nios2eds/bin/gnu/h-x86_64-mingw32/bin/../lib/gcc/nios2-elf/5.3.0/../../../../../H-x86_64-mingw32/nios2-elf/lib\libc.a(lib_a-impure.o)
 .bss           0x00000000000268e8        0x0 c:/intelfpga_lite/18.1/nios2eds/bin/gnu/h-x86_64-mingw32/bin/../lib/gcc/nios2-elf/5.3.0/../../../../../H-x86_64-mingw32/nios2-elf/lib\libc.a(lib_a-int_errno.o)
 .bss           0x00000000000268e8        0x0 c:/intelfpga_lite/18.1/nios2eds/bin/gnu/h-x86_64-mingw32/bin/../lib/gcc/nios2-elf/5.3.0/../../../../../H-x86_64-mingw32/nios2-elf/lib\libc.a(lib_a-memcmp.o)
 .bss           0x00000000000268e8        0x0 c:/intelfpga_lite/18.1/nios2eds/bin/gnu/h-x86_64-mingw32/bin/../lib/gcc/nios2-elf/5.3.0/../../../../../H-x86_64-mingw32/nios2-elf/lib\libc.a(lib_a-memcpy.o)
 .bss           0x00000000000268e8        0x0 c:/intelfpga_lite/18.1/nios2eds/bin/gnu/h-x86_64-mingw32/bin/../lib/gcc/nios2-elf/5.3.0/../../../../../H-x86_64-mingw32/nios2-elf/lib\libc.a(lib_a-strlen.o)
 .bss           0x00000000000268e8        0x0 c:/intelfpga_lite/18.1/nios2eds/bin/gnu/h-x86_64-mingw32/bin/../lib/gcc/nios2-elf/5.3.0/../../../../../H-x86_64-mingw32/nios2-elf/lib\libc.a(lib_a-__atexit.o)
 .bss           0x00000000000268e8        0x0 c:/intelfpga_lite/18.1/nios2eds/bin/gnu/h-x86_64-mingw32/bin/../lib/gcc/nios2-elf/5.3.0/../../../../../H-x86_64-mingw32/nios2-elf/lib\libc.a(lib_a-__call_atexit.o)
 .bss           0x00000000000268e8        0x0 ../test_bsp/\libhal_bsp.a(alt_exit.o)
 *(COMMON)
 COMMON         0x00000000000268e8      0x100 ../test_bsp/\libhal_bsp.a(alt_irq_handler.o)
                0x00000000000268e8                alt_irq
                0x00000000000269e8                . = ALIGN (0x4)
                0x00000000000269e8                __bss_end = ABSOLUTE (.)

.onchip_memory2_0
                0x00000000000269e8        0x0
                [!provide]                        PROVIDE (_alt_partition_onchip_memory2_0_start, ABSOLUTE (.))
 *(.onchip_memory2_0 .onchip_memory2_0. onchip_memory2_0.*)
                0x00000000000269e8                . = ALIGN (0x4)
                [!provide]                        PROVIDE (_alt_partition_onchip_memory2_0_end, ABSOLUTE (.))
                0x00000000000269e8                _end = ABSOLUTE (.)
                0x00000000000269e8                end = ABSOLUTE (.)
                0x00000000000269e8                __alt_stack_base = ABSOLUTE (.)
                [!provide]                        PROVIDE (_alt_partition_onchip_memory2_0_load_addr, LOADADDR (.onchip_memory2_0))

.stab
 *(.stab)

.stabstr
 *(.stabstr)

.stab.excl
 *(.stab.excl)

.stab.exclstr
 *(.stab.exclstr)

.stab.index
 *(.stab.index)

.stab.indexstr
 *(.stab.indexstr)

.comment        0x0000000000000000       0x23
 *(.comment)
 .comment       0x0000000000000000       0x23 obj/default/hello_world.o
                                         0x24 (size before relaxing)
 .comment       0x0000000000000023       0x24 c:/intelfpga_lite/18.1/nios2eds/bin/gnu/h-x86_64-mingw32/bin/../lib/gcc/nios2-elf/5.3.0\libgcc.a(_fixunsdfsi.o)
 .comment       0x0000000000000023       0x24 c:/intelfpga_lite/18.1/nios2eds/bin/gnu/h-x86_64-mingw32/bin/../lib/gcc/nios2-elf/5.3.0\libgcc.a(lib2-divmod.o)
 .comment       0x0000000000000023       0x24 c:/intelfpga_lite/18.1/nios2eds/bin/gnu/h-x86_64-mingw32/bin/../lib/gcc/nios2-elf/5.3.0\libgcc.a(gedf2.o)
 .comment       0x0000000000000023       0x24 c:/intelfpga_lite/18.1/nios2eds/bin/gnu/h-x86_64-mingw32/bin/../lib/gcc/nios2-elf/5.3.0\libgcc.a(muldf3.o)
 .comment       0x0000000000000023       0x24 c:/intelfpga_lite/18.1/nios2eds/bin/gnu/h-x86_64-mingw32/bin/../lib/gcc/nios2-elf/5.3.0\libgcc.a(subdf3.o)
 .comment       0x0000000000000023       0x24 c:/intelfpga_lite/18.1/nios2eds/bin/gnu/h-x86_64-mingw32/bin/../lib/gcc/nios2-elf/5.3.0\libgcc.a(fixdfsi.o)
 .comment       0x0000000000000023       0x24 c:/intelfpga_lite/18.1/nios2eds/bin/gnu/h-x86_64-mingw32/bin/../lib/gcc/nios2-elf/5.3.0\libgcc.a(floatunsidf.o)
 .comment       0x0000000000000023       0x24 c:/intelfpga_lite/18.1/nios2eds/bin/gnu/h-x86_64-mingw32/bin/../lib/gcc/nios2-elf/5.3.0\libgcc.a(_clzsi2.o)
 .comment       0x0000000000000023       0x24 c:/intelfpga_lite/18.1/nios2eds/bin/gnu/h-x86_64-mingw32/bin/../lib/gcc/nios2-elf/5.3.0\libgcc.a(_clz.o)
 .comment       0x0000000000000023       0x24 ../test_bsp/\libhal_bsp.a(alt_load.o)
 .comment       0x0000000000000023       0x24 ../test_bsp/\libhal_bsp.a(alt_main.o)
 .comment       0x0000000000000023       0x24 ../test_bsp/\libhal_bsp.a(alt_sys_init.o)
 .comment       0x0000000000000023       0x24 ../test_bsp/\libhal_bsp.a(altera_avalon_jtag_uart_fd.o)
 .comment       0x0000000000000023       0x24 ../test_bsp/\libhal_bsp.a(altera_avalon_jtag_uart_init.o)
 .comment       0x0000000000000023       0x24 ../test_bsp/\libhal_bsp.a(altera_avalon_jtag_uart_ioctl.o)
 .comment       0x0000000000000023       0x24 ../test_bsp/\libhal_bsp.a(altera_avalon_jtag_uart_read.o)
 .comment       0x0000000000000023       0x24 ../test_bsp/\libhal_bsp.a(altera_avalon_jtag_uart_write.o)
 .comment       0x0000000000000023       0x24 ../test_bsp/\libhal_bsp.a(alt_alarm_start.o)
 .comment       0x0000000000000023       0x24 ../test_bsp/\libhal_bsp.a(alt_close.o)
 .comment       0x0000000000000023       0x24 ../test_bsp/\libhal_bsp.a(alt_dcache_flush_all.o)
 .comment       0x0000000000000023       0x24 ../test_bsp/\libhal_bsp.a(alt_dev.o)
 .comment       0x0000000000000023       0x24 ../test_bsp/\libhal_bsp.a(alt_dev_llist_insert.o)
 .comment       0x0000000000000023       0x24 ../test_bsp/\libhal_bsp.a(alt_do_ctors.o)
 .comment       0x0000000000000023       0x24 ../test_bsp/\libhal_bsp.a(alt_do_dtors.o)
 .comment       0x0000000000000023       0x24 ../test_bsp/\libhal_bsp.a(alt_errno.o)
 .comment       0x0000000000000023       0x24 ../test_bsp/\libhal_bsp.a(alt_icache_flush_all.o)
 .comment       0x0000000000000023       0x24 ../test_bsp/\libhal_bsp.a(alt_iic.o)
 .comment       0x0000000000000023       0x24 ../test_bsp/\libhal_bsp.a(alt_iic_isr_register.o)
 .comment       0x0000000000000023       0x24 ../test_bsp/\libhal_bsp.a(alt_io_redirect.o)
 .comment       0x0000000000000023       0x24 ../test_bsp/\libhal_bsp.a(alt_irq_handler.o)
 .comment       0x0000000000000023       0x24 ../test_bsp/\libhal_bsp.a(alt_irq_vars.o)
 .comment       0x0000000000000023       0x24 ../test_bsp/\libhal_bsp.a(alt_open.o)
 .comment       0x0000000000000023       0x24 ../test_bsp/\libhal_bsp.a(alt_release_fd.o)
 .comment       0x0000000000000023       0x24 ../test_bsp/\libhal_bsp.a(alt_tick.o)
 .comment       0x0000000000000023       0x24 ../test_bsp/\libhal_bsp.a(altera_nios2_gen2_irq.o)
 .comment       0x0000000000000023       0x24 ../test_bsp/\libhal_bsp.a(alt_find_dev.o)
 .comment       0x0000000000000023       0x24 ../test_bsp/\libhal_bsp.a(alt_find_file.o)
 .comment       0x0000000000000023       0x24 ../test_bsp/\libhal_bsp.a(alt_get_fd.o)
 .comment       0x0000000000000023       0x24 ../test_bsp/\libhal_bsp.a(alt_icache_flush.o)
 .comment       0x0000000000000023       0x24 ../test_bsp/\libhal_bsp.a(alt_instruction_exception_entry.o)
 .comment       0x0000000000000023       0x24 c:/intelfpga_lite/18.1/nios2eds/bin/gnu/h-x86_64-mingw32/bin/../lib/gcc/nios2-elf/5.3.0/../../../../../H-x86_64-mingw32/nios2-elf/lib\libc.a(lib_a-atexit.o)
 .comment       0x0000000000000023       0x24 c:/intelfpga_lite/18.1/nios2eds/bin/gnu/h-x86_64-mingw32/bin/../lib/gcc/nios2-elf/5.3.0/../../../../../H-x86_64-mingw32/nios2-elf/lib\libc.a(lib_a-exit.o)
 .comment       0x0000000000000023       0x24 c:/intelfpga_lite/18.1/nios2eds/bin/gnu/h-x86_64-mingw32/bin/../lib/gcc/nios2-elf/5.3.0/../../../../../H-x86_64-mingw32/nios2-elf/lib\libc.a(lib_a-impure.o)
 .comment       0x0000000000000023       0x24 c:/intelfpga_lite/18.1/nios2eds/bin/gnu/h-x86_64-mingw32/bin/../lib/gcc/nios2-elf/5.3.0/../../../../../H-x86_64-mingw32/nios2-elf/lib\libc.a(lib_a-int_errno.o)
 .comment       0x0000000000000023       0x24 c:/intelfpga_lite/18.1/nios2eds/bin/gnu/h-x86_64-mingw32/bin/../lib/gcc/nios2-elf/5.3.0/../../../../../H-x86_64-mingw32/nios2-elf/lib\libc.a(lib_a-memcmp.o)
 .comment       0x0000000000000023       0x24 c:/intelfpga_lite/18.1/nios2eds/bin/gnu/h-x86_64-mingw32/bin/../lib/gcc/nios2-elf/5.3.0/../../../../../H-x86_64-mingw32/nios2-elf/lib\libc.a(lib_a-memcpy.o)
 .comment       0x0000000000000023       0x24 c:/intelfpga_lite/18.1/nios2eds/bin/gnu/h-x86_64-mingw32/bin/../lib/gcc/nios2-elf/5.3.0/../../../../../H-x86_64-mingw32/nios2-elf/lib\libc.a(lib_a-strlen.o)
 .comment       0x0000000000000023       0x24 c:/intelfpga_lite/18.1/nios2eds/bin/gnu/h-x86_64-mingw32/bin/../lib/gcc/nios2-elf/5.3.0/../../../../../H-x86_64-mingw32/nios2-elf/lib\libc.a(lib_a-__atexit.o)
 .comment       0x0000000000000023       0x24 c:/intelfpga_lite/18.1/nios2eds/bin/gnu/h-x86_64-mingw32/bin/../lib/gcc/nios2-elf/5.3.0/../../../../../H-x86_64-mingw32/nios2-elf/lib\libc.a(lib_a-__call_atexit.o)
 .comment       0x0000000000000023       0x24 ../test_bsp/\libhal_bsp.a(alt_exit.o)

.debug
 *(.debug)

.line
 *(.line)

.debug_srcinfo
 *(.debug_srcinfo)

.debug_sfnames
 *(.debug_sfnames)

.debug_aranges  0x0000000000000000      0x6d0
 *(.debug_aranges)
 .debug_aranges
                0x0000000000000000       0x28 ../test_bsp//obj/HAL/src/crt0.o
 .debug_aranges
                0x0000000000000028       0x20 obj/default/hello_world.o
 .debug_aranges
                0x0000000000000048       0x20 c:/intelfpga_lite/18.1/nios2eds/bin/gnu/h-x86_64-mingw32/bin/../lib/gcc/nios2-elf/5.3.0\libgcc.a(_fixunsdfsi.o)
 .debug_aranges
                0x0000000000000068       0x20 c:/intelfpga_lite/18.1/nios2eds/bin/gnu/h-x86_64-mingw32/bin/../lib/gcc/nios2-elf/5.3.0\libgcc.a(lib2-divmod.o)
 .debug_aranges
                0x0000000000000088       0x20 c:/intelfpga_lite/18.1/nios2eds/bin/gnu/h-x86_64-mingw32/bin/../lib/gcc/nios2-elf/5.3.0\libgcc.a(gedf2.o)
 .debug_aranges
                0x00000000000000a8       0x20 c:/intelfpga_lite/18.1/nios2eds/bin/gnu/h-x86_64-mingw32/bin/../lib/gcc/nios2-elf/5.3.0\libgcc.a(muldf3.o)
 .debug_aranges
                0x00000000000000c8       0x20 c:/intelfpga_lite/18.1/nios2eds/bin/gnu/h-x86_64-mingw32/bin/../lib/gcc/nios2-elf/5.3.0\libgcc.a(subdf3.o)
 .debug_aranges
                0x00000000000000e8       0x20 c:/intelfpga_lite/18.1/nios2eds/bin/gnu/h-x86_64-mingw32/bin/../lib/gcc/nios2-elf/5.3.0\libgcc.a(fixdfsi.o)
 .debug_aranges
                0x0000000000000108       0x20 c:/intelfpga_lite/18.1/nios2eds/bin/gnu/h-x86_64-mingw32/bin/../lib/gcc/nios2-elf/5.3.0\libgcc.a(floatunsidf.o)
 .debug_aranges
                0x0000000000000128       0x20 c:/intelfpga_lite/18.1/nios2eds/bin/gnu/h-x86_64-mingw32/bin/../lib/gcc/nios2-elf/5.3.0\libgcc.a(_clzsi2.o)
 .debug_aranges
                0x0000000000000148       0x18 c:/intelfpga_lite/18.1/nios2eds/bin/gnu/h-x86_64-mingw32/bin/../lib/gcc/nios2-elf/5.3.0\libgcc.a(_clz.o)
 .debug_aranges
                0x0000000000000160       0x20 ../test_bsp/\libhal_bsp.a(alt_load.o)
 .debug_aranges
                0x0000000000000180       0x20 ../test_bsp/\libhal_bsp.a(alt_main.o)
 .debug_aranges
                0x00000000000001a0       0x20 ../test_bsp/\libhal_bsp.a(alt_sys_init.o)
 .debug_aranges
                0x00000000000001c0       0x20 ../test_bsp/\libhal_bsp.a(altera_avalon_jtag_uart_fd.o)
 .debug_aranges
                0x00000000000001e0       0x20 ../test_bsp/\libhal_bsp.a(altera_avalon_jtag_uart_init.o)
 .debug_aranges
                0x0000000000000200       0x20 ../test_bsp/\libhal_bsp.a(altera_avalon_jtag_uart_ioctl.o)
 .debug_aranges
                0x0000000000000220       0x20 ../test_bsp/\libhal_bsp.a(altera_avalon_jtag_uart_read.o)
 .debug_aranges
                0x0000000000000240       0x20 ../test_bsp/\libhal_bsp.a(altera_avalon_jtag_uart_write.o)
 .debug_aranges
                0x0000000000000260       0x20 ../test_bsp/\libhal_bsp.a(alt_alarm_start.o)
 .debug_aranges
                0x0000000000000280       0x20 ../test_bsp/\libhal_bsp.a(alt_close.o)
 .debug_aranges
                0x00000000000002a0       0x20 ../test_bsp/\libhal_bsp.a(alt_dcache_flush_all.o)
 .debug_aranges
                0x00000000000002c0       0x20 ../test_bsp/\libhal_bsp.a(alt_dev.o)
 .debug_aranges
                0x00000000000002e0       0x20 ../test_bsp/\libhal_bsp.a(alt_dev_llist_insert.o)
 .debug_aranges
                0x0000000000000300       0x20 ../test_bsp/\libhal_bsp.a(alt_do_ctors.o)
 .debug_aranges
                0x0000000000000320       0x20 ../test_bsp/\libhal_bsp.a(alt_do_dtors.o)
 .debug_aranges
                0x0000000000000340       0x18 ../test_bsp/\libhal_bsp.a(alt_errno.o)
 .debug_aranges
                0x0000000000000358       0x20 ../test_bsp/\libhal_bsp.a(alt_icache_flush_all.o)
 .debug_aranges
                0x0000000000000378       0x20 ../test_bsp/\libhal_bsp.a(alt_iic.o)
 .debug_aranges
                0x0000000000000398       0x20 ../test_bsp/\libhal_bsp.a(alt_iic_isr_register.o)
 .debug_aranges
                0x00000000000003b8       0x20 ../test_bsp/\libhal_bsp.a(alt_io_redirect.o)
 .debug_aranges
                0x00000000000003d8       0x30 ../test_bsp/\libhal_bsp.a(alt_irq_entry.o)
 .debug_aranges
                0x0000000000000408       0x20 ../test_bsp/\libhal_bsp.a(alt_irq_handler.o)
 .debug_aranges
                0x0000000000000428       0x18 ../test_bsp/\libhal_bsp.a(alt_irq_vars.o)
 .debug_aranges
                0x0000000000000440       0x20 ../test_bsp/\libhal_bsp.a(alt_open.o)
 .debug_aranges
                0x0000000000000460       0x20 ../test_bsp/\libhal_bsp.a(alt_release_fd.o)
 .debug_aranges
                0x0000000000000480       0x20 ../test_bsp/\libhal_bsp.a(alt_tick.o)
 .debug_aranges
                0x00000000000004a0       0x20 ../test_bsp/\libhal_bsp.a(altera_nios2_gen2_irq.o)
 .debug_aranges
                0x00000000000004c0       0x38 ../test_bsp/\libhal_bsp.a(alt_exception_entry.o)
 .debug_aranges
                0x00000000000004f8       0x20 ../test_bsp/\libhal_bsp.a(alt_find_dev.o)
 .debug_aranges
                0x0000000000000518       0x20 ../test_bsp/\libhal_bsp.a(alt_find_file.o)
 .debug_aranges
                0x0000000000000538       0x20 ../test_bsp/\libhal_bsp.a(alt_get_fd.o)
 .debug_aranges
                0x0000000000000558       0x20 ../test_bsp/\libhal_bsp.a(alt_icache_flush.o)
 .debug_aranges
                0x0000000000000578       0x28 ../test_bsp/\libhal_bsp.a(alt_instruction_exception_entry.o)
 .debug_aranges
                0x00000000000005a0       0x20 c:/intelfpga_lite/18.1/nios2eds/bin/gnu/h-x86_64-mingw32/bin/../lib/gcc/nios2-elf/5.3.0/../../../../../H-x86_64-mingw32/nios2-elf/lib\libc.a(lib_a-atexit.o)
 .debug_aranges
                0x00000000000005c0       0x20 c:/intelfpga_lite/18.1/nios2eds/bin/gnu/h-x86_64-mingw32/bin/../lib/gcc/nios2-elf/5.3.0/../../../../../H-x86_64-mingw32/nios2-elf/lib\libc.a(lib_a-exit.o)
 .debug_aranges
                0x00000000000005e0       0x18 c:/intelfpga_lite/18.1/nios2eds/bin/gnu/h-x86_64-mingw32/bin/../lib/gcc/nios2-elf/5.3.0/../../../../../H-x86_64-mingw32/nios2-elf/lib\libc.a(lib_a-impure.o)
 .debug_aranges
                0x00000000000005f8       0x18 c:/intelfpga_lite/18.1/nios2eds/bin/gnu/h-x86_64-mingw32/bin/../lib/gcc/nios2-elf/5.3.0/../../../../../H-x86_64-mingw32/nios2-elf/lib\libc.a(lib_a-int_errno.o)
 .debug_aranges
                0x0000000000000610       0x20 c:/intelfpga_lite/18.1/nios2eds/bin/gnu/h-x86_64-mingw32/bin/../lib/gcc/nios2-elf/5.3.0/../../../../../H-x86_64-mingw32/nios2-elf/lib\libc.a(lib_a-memcmp.o)
 .debug_aranges
                0x0000000000000630       0x20 c:/intelfpga_lite/18.1/nios2eds/bin/gnu/h-x86_64-mingw32/bin/../lib/gcc/nios2-elf/5.3.0/../../../../../H-x86_64-mingw32/nios2-elf/lib\libc.a(lib_a-memcpy.o)
 .debug_aranges
                0x0000000000000650       0x20 c:/intelfpga_lite/18.1/nios2eds/bin/gnu/h-x86_64-mingw32/bin/../lib/gcc/nios2-elf/5.3.0/../../../../../H-x86_64-mingw32/nios2-elf/lib\libc.a(lib_a-strlen.o)
 .debug_aranges
                0x0000000000000670       0x20 c:/intelfpga_lite/18.1/nios2eds/bin/gnu/h-x86_64-mingw32/bin/../lib/gcc/nios2-elf/5.3.0/../../../../../H-x86_64-mingw32/nios2-elf/lib\libc.a(lib_a-__atexit.o)
 .debug_aranges
                0x0000000000000690       0x20 c:/intelfpga_lite/18.1/nios2eds/bin/gnu/h-x86_64-mingw32/bin/../lib/gcc/nios2-elf/5.3.0/../../../../../H-x86_64-mingw32/nios2-elf/lib\libc.a(lib_a-__call_atexit.o)
 .debug_aranges
                0x00000000000006b0       0x20 ../test_bsp/\libhal_bsp.a(alt_exit.o)

.debug_pubnames
 *(.debug_pubnames)

.debug_info     0x0000000000000000     0x8b1d
 *(.debug_info .gnu.linkonce.wi.*)
 .debug_info    0x0000000000000000       0x73 ../test_bsp//obj/HAL/src/crt0.o
 .debug_info    0x0000000000000073      0x134 obj/default/hello_world.o
 .debug_info    0x00000000000001a7       0xc7 c:/intelfpga_lite/18.1/nios2eds/bin/gnu/h-x86_64-mingw32/bin/../lib/gcc/nios2-elf/5.3.0\libgcc.a(_fixunsdfsi.o)
 .debug_info    0x000000000000026e      0x2c6 c:/intelfpga_lite/18.1/nios2eds/bin/gnu/h-x86_64-mingw32/bin/../lib/gcc/nios2-elf/5.3.0\libgcc.a(lib2-divmod.o)
 .debug_info    0x0000000000000534      0x202 c:/intelfpga_lite/18.1/nios2eds/bin/gnu/h-x86_64-mingw32/bin/../lib/gcc/nios2-elf/5.3.0\libgcc.a(gedf2.o)
 .debug_info    0x0000000000000736      0x5f5 c:/intelfpga_lite/18.1/nios2eds/bin/gnu/h-x86_64-mingw32/bin/../lib/gcc/nios2-elf/5.3.0\libgcc.a(muldf3.o)
 .debug_info    0x0000000000000d2b      0x4a2 c:/intelfpga_lite/18.1/nios2eds/bin/gnu/h-x86_64-mingw32/bin/../lib/gcc/nios2-elf/5.3.0\libgcc.a(subdf3.o)
 .debug_info    0x00000000000011cd      0x1ae c:/intelfpga_lite/18.1/nios2eds/bin/gnu/h-x86_64-mingw32/bin/../lib/gcc/nios2-elf/5.3.0\libgcc.a(fixdfsi.o)
 .debug_info    0x000000000000137b      0x1b0 c:/intelfpga_lite/18.1/nios2eds/bin/gnu/h-x86_64-mingw32/bin/../lib/gcc/nios2-elf/5.3.0\libgcc.a(floatunsidf.o)
 .debug_info    0x000000000000152b      0x124 c:/intelfpga_lite/18.1/nios2eds/bin/gnu/h-x86_64-mingw32/bin/../lib/gcc/nios2-elf/5.3.0\libgcc.a(_clzsi2.o)
 .debug_info    0x000000000000164f       0xb2 c:/intelfpga_lite/18.1/nios2eds/bin/gnu/h-x86_64-mingw32/bin/../lib/gcc/nios2-elf/5.3.0\libgcc.a(_clz.o)
 .debug_info    0x0000000000001701      0x145 ../test_bsp/\libhal_bsp.a(alt_load.o)
 .debug_info    0x0000000000001846      0x131 ../test_bsp/\libhal_bsp.a(alt_main.o)
 .debug_info    0x0000000000001977      0x4c3 ../test_bsp/\libhal_bsp.a(alt_sys_init.o)
 .debug_info    0x0000000000001e3a      0x52e ../test_bsp/\libhal_bsp.a(altera_avalon_jtag_uart_fd.o)
 .debug_info    0x0000000000002368      0x3a0 ../test_bsp/\libhal_bsp.a(altera_avalon_jtag_uart_init.o)
 .debug_info    0x0000000000002708      0x280 ../test_bsp/\libhal_bsp.a(altera_avalon_jtag_uart_ioctl.o)
 .debug_info    0x0000000000002988      0x345 ../test_bsp/\libhal_bsp.a(altera_avalon_jtag_uart_read.o)
 .debug_info    0x0000000000002ccd      0x340 ../test_bsp/\libhal_bsp.a(altera_avalon_jtag_uart_write.o)
 .debug_info    0x000000000000300d      0x2cc ../test_bsp/\libhal_bsp.a(alt_alarm_start.o)
 .debug_info    0x00000000000032d9      0x321 ../test_bsp/\libhal_bsp.a(alt_close.o)
 .debug_info    0x00000000000035fa       0xa5 ../test_bsp/\libhal_bsp.a(alt_dcache_flush_all.o)
 .debug_info    0x000000000000369f      0x49c ../test_bsp/\libhal_bsp.a(alt_dev.o)
 .debug_info    0x0000000000003b3b      0x1a9 ../test_bsp/\libhal_bsp.a(alt_dev_llist_insert.o)
 .debug_info    0x0000000000003ce4       0x83 ../test_bsp/\libhal_bsp.a(alt_do_ctors.o)
 .debug_info    0x0000000000003d67       0x83 ../test_bsp/\libhal_bsp.a(alt_do_dtors.o)
 .debug_info    0x0000000000003dea       0xa6 ../test_bsp/\libhal_bsp.a(alt_errno.o)
 .debug_info    0x0000000000003e90       0x92 ../test_bsp/\libhal_bsp.a(alt_icache_flush_all.o)
 .debug_info    0x0000000000003f22      0x350 ../test_bsp/\libhal_bsp.a(alt_iic.o)
 .debug_info    0x0000000000004272      0x1ef ../test_bsp/\libhal_bsp.a(alt_iic_isr_register.o)
 .debug_info    0x0000000000004461      0x4a5 ../test_bsp/\libhal_bsp.a(alt_io_redirect.o)
 .debug_info    0x0000000000004906       0x7c ../test_bsp/\libhal_bsp.a(alt_irq_entry.o)
 .debug_info    0x0000000000004982      0x187 ../test_bsp/\libhal_bsp.a(alt_irq_handler.o)
 .debug_info    0x0000000000004b09       0x88 ../test_bsp/\libhal_bsp.a(alt_irq_vars.o)
 .debug_info    0x0000000000004b91      0x3bb ../test_bsp/\libhal_bsp.a(alt_open.o)
 .debug_info    0x0000000000004f4c      0x2b0 ../test_bsp/\libhal_bsp.a(alt_release_fd.o)
 .debug_info    0x00000000000051fc      0x299 ../test_bsp/\libhal_bsp.a(alt_tick.o)
 .debug_info    0x0000000000005495       0x92 ../test_bsp/\libhal_bsp.a(altera_nios2_gen2_irq.o)
 .debug_info    0x0000000000005527       0x82 ../test_bsp/\libhal_bsp.a(alt_exception_entry.o)
 .debug_info    0x00000000000055a9      0x2e9 ../test_bsp/\libhal_bsp.a(alt_find_dev.o)
 .debug_info    0x0000000000005892      0x2e6 ../test_bsp/\libhal_bsp.a(alt_find_file.o)
 .debug_info    0x0000000000005b78      0x310 ../test_bsp/\libhal_bsp.a(alt_get_fd.o)
 .debug_info    0x0000000000005e88       0xdc ../test_bsp/\libhal_bsp.a(alt_icache_flush.o)
 .debug_info    0x0000000000005f64      0x1e7 ../test_bsp/\libhal_bsp.a(alt_instruction_exception_entry.o)
 .debug_info    0x000000000000614b       0xfe c:/intelfpga_lite/18.1/nios2eds/bin/gnu/h-x86_64-mingw32/bin/../lib/gcc/nios2-elf/5.3.0/../../../../../H-x86_64-mingw32/nios2-elf/lib\libc.a(lib_a-atexit.o)
 .debug_info    0x0000000000006249      0x8e4 c:/intelfpga_lite/18.1/nios2eds/bin/gnu/h-x86_64-mingw32/bin/../lib/gcc/nios2-elf/5.3.0/../../../../../H-x86_64-mingw32/nios2-elf/lib\libc.a(lib_a-exit.o)
 .debug_info    0x0000000000006b2d      0x8a1 c:/intelfpga_lite/18.1/nios2eds/bin/gnu/h-x86_64-mingw32/bin/../lib/gcc/nios2-elf/5.3.0/../../../../../H-x86_64-mingw32/nios2-elf/lib\libc.a(lib_a-impure.o)
 .debug_info    0x00000000000073ce       0x8a c:/intelfpga_lite/18.1/nios2eds/bin/gnu/h-x86_64-mingw32/bin/../lib/gcc/nios2-elf/5.3.0/../../../../../H-x86_64-mingw32/nios2-elf/lib\libc.a(lib_a-int_errno.o)
 .debug_info    0x0000000000007458      0x11a c:/intelfpga_lite/18.1/nios2eds/bin/gnu/h-x86_64-mingw32/bin/../lib/gcc/nios2-elf/5.3.0/../../../../../H-x86_64-mingw32/nios2-elf/lib\libc.a(lib_a-memcmp.o)
 .debug_info    0x0000000000007572      0x144 c:/intelfpga_lite/18.1/nios2eds/bin/gnu/h-x86_64-mingw32/bin/../lib/gcc/nios2-elf/5.3.0/../../../../../H-x86_64-mingw32/nios2-elf/lib\libc.a(lib_a-memcpy.o)
 .debug_info    0x00000000000076b6       0xe2 c:/intelfpga_lite/18.1/nios2eds/bin/gnu/h-x86_64-mingw32/bin/../lib/gcc/nios2-elf/5.3.0/../../../../../H-x86_64-mingw32/nios2-elf/lib\libc.a(lib_a-strlen.o)
 .debug_info    0x0000000000007798      0x934 c:/intelfpga_lite/18.1/nios2eds/bin/gnu/h-x86_64-mingw32/bin/../lib/gcc/nios2-elf/5.3.0/../../../../../H-x86_64-mingw32/nios2-elf/lib\libc.a(lib_a-__atexit.o)
 .debug_info    0x00000000000080cc      0x965 c:/intelfpga_lite/18.1/nios2eds/bin/gnu/h-x86_64-mingw32/bin/../lib/gcc/nios2-elf/5.3.0/../../../../../H-x86_64-mingw32/nios2-elf/lib\libc.a(lib_a-__call_atexit.o)
 .debug_info    0x0000000000008a31       0xec ../test_bsp/\libhal_bsp.a(alt_exit.o)

.debug_abbrev   0x0000000000000000     0x3219
 *(.debug_abbrev)
 .debug_abbrev  0x0000000000000000       0x12 ../test_bsp//obj/HAL/src/crt0.o
 .debug_abbrev  0x0000000000000012       0xa5 obj/default/hello_world.o
 .debug_abbrev  0x00000000000000b7       0x60 c:/intelfpga_lite/18.1/nios2eds/bin/gnu/h-x86_64-mingw32/bin/../lib/gcc/nios2-elf/5.3.0\libgcc.a(_fixunsdfsi.o)
 .debug_abbrev  0x0000000000000117      0x10e c:/intelfpga_lite/18.1/nios2eds/bin/gnu/h-x86_64-mingw32/bin/../lib/gcc/nios2-elf/5.3.0\libgcc.a(lib2-divmod.o)
 .debug_abbrev  0x0000000000000225      0x137 c:/intelfpga_lite/18.1/nios2eds/bin/gnu/h-x86_64-mingw32/bin/../lib/gcc/nios2-elf/5.3.0\libgcc.a(gedf2.o)
 .debug_abbrev  0x000000000000035c      0x13f c:/intelfpga_lite/18.1/nios2eds/bin/gnu/h-x86_64-mingw32/bin/../lib/gcc/nios2-elf/5.3.0\libgcc.a(muldf3.o)
 .debug_abbrev  0x000000000000049b      0x133 c:/intelfpga_lite/18.1/nios2eds/bin/gnu/h-x86_64-mingw32/bin/../lib/gcc/nios2-elf/5.3.0\libgcc.a(subdf3.o)
 .debug_abbrev  0x00000000000005ce      0x135 c:/intelfpga_lite/18.1/nios2eds/bin/gnu/h-x86_64-mingw32/bin/../lib/gcc/nios2-elf/5.3.0\libgcc.a(fixdfsi.o)
 .debug_abbrev  0x0000000000000703      0x124 c:/intelfpga_lite/18.1/nios2eds/bin/gnu/h-x86_64-mingw32/bin/../lib/gcc/nios2-elf/5.3.0\libgcc.a(floatunsidf.o)
 .debug_abbrev  0x0000000000000827       0xbe c:/intelfpga_lite/18.1/nios2eds/bin/gnu/h-x86_64-mingw32/bin/../lib/gcc/nios2-elf/5.3.0\libgcc.a(_clzsi2.o)
 .debug_abbrev  0x00000000000008e5       0x5d c:/intelfpga_lite/18.1/nios2eds/bin/gnu/h-x86_64-mingw32/bin/../lib/gcc/nios2-elf/5.3.0\libgcc.a(_clz.o)
 .debug_abbrev  0x0000000000000942       0x9f ../test_bsp/\libhal_bsp.a(alt_load.o)
 .debug_abbrev  0x00000000000009e1       0xba ../test_bsp/\libhal_bsp.a(alt_main.o)
 .debug_abbrev  0x0000000000000a9b      0x187 ../test_bsp/\libhal_bsp.a(alt_sys_init.o)
 .debug_abbrev  0x0000000000000c22      0x127 ../test_bsp/\libhal_bsp.a(altera_avalon_jtag_uart_fd.o)
 .debug_abbrev  0x0000000000000d49      0x19e ../test_bsp/\libhal_bsp.a(altera_avalon_jtag_uart_init.o)
 .debug_abbrev  0x0000000000000ee7      0x111 ../test_bsp/\libhal_bsp.a(altera_avalon_jtag_uart_ioctl.o)
 .debug_abbrev  0x0000000000000ff8      0x1aa ../test_bsp/\libhal_bsp.a(altera_avalon_jtag_uart_read.o)
 .debug_abbrev  0x00000000000011a2      0x1a8 ../test_bsp/\libhal_bsp.a(altera_avalon_jtag_uart_write.o)
 .debug_abbrev  0x000000000000134a      0x162 ../test_bsp/\libhal_bsp.a(alt_alarm_start.o)
 .debug_abbrev  0x00000000000014ac      0x11f ../test_bsp/\libhal_bsp.a(alt_close.o)
 .debug_abbrev  0x00000000000015cb       0x5a ../test_bsp/\libhal_bsp.a(alt_dcache_flush_all.o)
 .debug_abbrev  0x0000000000001625       0xd9 ../test_bsp/\libhal_bsp.a(alt_dev.o)
 .debug_abbrev  0x00000000000016fe      0x114 ../test_bsp/\libhal_bsp.a(alt_dev_llist_insert.o)
 .debug_abbrev  0x0000000000001812       0x79 ../test_bsp/\libhal_bsp.a(alt_do_ctors.o)
 .debug_abbrev  0x000000000000188b       0x79 ../test_bsp/\libhal_bsp.a(alt_do_dtors.o)
 .debug_abbrev  0x0000000000001904       0x5a ../test_bsp/\libhal_bsp.a(alt_errno.o)
 .debug_abbrev  0x000000000000195e       0x42 ../test_bsp/\libhal_bsp.a(alt_icache_flush_all.o)
 .debug_abbrev  0x00000000000019a0      0x163 ../test_bsp/\libhal_bsp.a(alt_iic.o)
 .debug_abbrev  0x0000000000001b03      0x169 ../test_bsp/\libhal_bsp.a(alt_iic_isr_register.o)
 .debug_abbrev  0x0000000000001c6c      0x114 ../test_bsp/\libhal_bsp.a(alt_io_redirect.o)
 .debug_abbrev  0x0000000000001d80       0x12 ../test_bsp/\libhal_bsp.a(alt_irq_entry.o)
 .debug_abbrev  0x0000000000001d92      0x122 ../test_bsp/\libhal_bsp.a(alt_irq_handler.o)
 .debug_abbrev  0x0000000000001eb4       0x40 ../test_bsp/\libhal_bsp.a(alt_irq_vars.o)
 .debug_abbrev  0x0000000000001ef4      0x148 ../test_bsp/\libhal_bsp.a(alt_open.o)
 .debug_abbrev  0x000000000000203c       0xde ../test_bsp/\libhal_bsp.a(alt_release_fd.o)
 .debug_abbrev  0x000000000000211a      0x15a ../test_bsp/\libhal_bsp.a(alt_tick.o)
 .debug_abbrev  0x0000000000002274       0x42 ../test_bsp/\libhal_bsp.a(altera_nios2_gen2_irq.o)
 .debug_abbrev  0x00000000000022b6       0x12 ../test_bsp/\libhal_bsp.a(alt_exception_entry.o)
 .debug_abbrev  0x00000000000022c8       0xf0 ../test_bsp/\libhal_bsp.a(alt_find_dev.o)
 .debug_abbrev  0x00000000000023b8       0xf0 ../test_bsp/\libhal_bsp.a(alt_find_file.o)
 .debug_abbrev  0x00000000000024a8      0x10d ../test_bsp/\libhal_bsp.a(alt_get_fd.o)
 .debug_abbrev  0x00000000000025b5       0x8c ../test_bsp/\libhal_bsp.a(alt_icache_flush.o)
 .debug_abbrev  0x0000000000002641       0xdc ../test_bsp/\libhal_bsp.a(alt_instruction_exception_entry.o)
 .debug_abbrev  0x000000000000271d       0xaa c:/intelfpga_lite/18.1/nios2eds/bin/gnu/h-x86_64-mingw32/bin/../lib/gcc/nios2-elf/5.3.0/../../../../../H-x86_64-mingw32/nios2-elf/lib\libc.a(lib_a-atexit.o)
 .debug_abbrev  0x00000000000027c7      0x1e5 c:/intelfpga_lite/18.1/nios2eds/bin/gnu/h-x86_64-mingw32/bin/../lib/gcc/nios2-elf/5.3.0/../../../../../H-x86_64-mingw32/nios2-elf/lib\libc.a(lib_a-exit.o)
 .debug_abbrev  0x00000000000029ac      0x18f c:/intelfpga_lite/18.1/nios2eds/bin/gnu/h-x86_64-mingw32/bin/../lib/gcc/nios2-elf/5.3.0/../../../../../H-x86_64-mingw32/nios2-elf/lib\libc.a(lib_a-impure.o)
 .debug_abbrev  0x0000000000002b3b       0x37 c:/intelfpga_lite/18.1/nios2eds/bin/gnu/h-x86_64-mingw32/bin/../lib/gcc/nios2-elf/5.3.0/../../../../../H-x86_64-mingw32/nios2-elf/lib\libc.a(lib_a-int_errno.o)
 .debug_abbrev  0x0000000000002b72       0x7f c:/intelfpga_lite/18.1/nios2eds/bin/gnu/h-x86_64-mingw32/bin/../lib/gcc/nios2-elf/5.3.0/../../../../../H-x86_64-mingw32/nios2-elf/lib\libc.a(lib_a-memcmp.o)
 .debug_abbrev  0x0000000000002bf1       0xa3 c:/intelfpga_lite/18.1/nios2eds/bin/gnu/h-x86_64-mingw32/bin/../lib/gcc/nios2-elf/5.3.0/../../../../../H-x86_64-mingw32/nios2-elf/lib\libc.a(lib_a-memcpy.o)
 .debug_abbrev  0x0000000000002c94       0x90 c:/intelfpga_lite/18.1/nios2eds/bin/gnu/h-x86_64-mingw32/bin/../lib/gcc/nios2-elf/5.3.0/../../../../../H-x86_64-mingw32/nios2-elf/lib\libc.a(lib_a-strlen.o)
 .debug_abbrev  0x0000000000002d24      0x21e c:/intelfpga_lite/18.1/nios2eds/bin/gnu/h-x86_64-mingw32/bin/../lib/gcc/nios2-elf/5.3.0/../../../../../H-x86_64-mingw32/nios2-elf/lib\libc.a(lib_a-__atexit.o)
 .debug_abbrev  0x0000000000002f42      0x22e c:/intelfpga_lite/18.1/nios2eds/bin/gnu/h-x86_64-mingw32/bin/../lib/gcc/nios2-elf/5.3.0/../../../../../H-x86_64-mingw32/nios2-elf/lib\libc.a(lib_a-__call_atexit.o)
 .debug_abbrev  0x0000000000003170       0xa9 ../test_bsp/\libhal_bsp.a(alt_exit.o)

.debug_line     0x0000000000000000     0x3450
 *(.debug_line)
 .debug_line    0x0000000000000000       0x72 ../test_bsp//obj/HAL/src/crt0.o
 .debug_line    0x0000000000000072      0x14c obj/default/hello_world.o
 .debug_line    0x00000000000001be       0x6b c:/intelfpga_lite/18.1/nios2eds/bin/gnu/h-x86_64-mingw32/bin/../lib/gcc/nios2-elf/5.3.0\libgcc.a(_fixunsdfsi.o)
 .debug_line    0x0000000000000229      0x102 c:/intelfpga_lite/18.1/nios2eds/bin/gnu/h-x86_64-mingw32/bin/../lib/gcc/nios2-elf/5.3.0\libgcc.a(lib2-divmod.o)
 .debug_line    0x000000000000032b       0xcb c:/intelfpga_lite/18.1/nios2eds/bin/gnu/h-x86_64-mingw32/bin/../lib/gcc/nios2-elf/5.3.0\libgcc.a(gedf2.o)
 .debug_line    0x00000000000003f6      0x1e3 c:/intelfpga_lite/18.1/nios2eds/bin/gnu/h-x86_64-mingw32/bin/../lib/gcc/nios2-elf/5.3.0\libgcc.a(muldf3.o)
 .debug_line    0x00000000000005d9      0x3a8 c:/intelfpga_lite/18.1/nios2eds/bin/gnu/h-x86_64-mingw32/bin/../lib/gcc/nios2-elf/5.3.0\libgcc.a(subdf3.o)
 .debug_line    0x0000000000000981       0x98 c:/intelfpga_lite/18.1/nios2eds/bin/gnu/h-x86_64-mingw32/bin/../lib/gcc/nios2-elf/5.3.0\libgcc.a(fixdfsi.o)
 .debug_line    0x0000000000000a19       0x92 c:/intelfpga_lite/18.1/nios2eds/bin/gnu/h-x86_64-mingw32/bin/../lib/gcc/nios2-elf/5.3.0\libgcc.a(floatunsidf.o)
 .debug_line    0x0000000000000aab       0xb7 c:/intelfpga_lite/18.1/nios2eds/bin/gnu/h-x86_64-mingw32/bin/../lib/gcc/nios2-elf/5.3.0\libgcc.a(_clzsi2.o)
 .debug_line    0x0000000000000b62       0x53 c:/intelfpga_lite/18.1/nios2eds/bin/gnu/h-x86_64-mingw32/bin/../lib/gcc/nios2-elf/5.3.0\libgcc.a(_clz.o)
 .debug_line    0x0000000000000bb5       0x8e ../test_bsp/\libhal_bsp.a(alt_load.o)
 .debug_line    0x0000000000000c43       0xa4 ../test_bsp/\libhal_bsp.a(alt_main.o)
 .debug_line    0x0000000000000ce7      0x136 ../test_bsp/\libhal_bsp.a(alt_sys_init.o)
 .debug_line    0x0000000000000e1d      0x12f ../test_bsp/\libhal_bsp.a(altera_avalon_jtag_uart_fd.o)
 .debug_line    0x0000000000000f4c      0x18b ../test_bsp/\libhal_bsp.a(altera_avalon_jtag_uart_init.o)
 .debug_line    0x00000000000010d7      0x131 ../test_bsp/\libhal_bsp.a(altera_avalon_jtag_uart_ioctl.o)
 .debug_line    0x0000000000001208      0x171 ../test_bsp/\libhal_bsp.a(altera_avalon_jtag_uart_read.o)
 .debug_line    0x0000000000001379      0x170 ../test_bsp/\libhal_bsp.a(altera_avalon_jtag_uart_write.o)
 .debug_line    0x00000000000014e9       0xf9 ../test_bsp/\libhal_bsp.a(alt_alarm_start.o)
 .debug_line    0x00000000000015e2      0x165 ../test_bsp/\libhal_bsp.a(alt_close.o)
 .debug_line    0x0000000000001747       0x61 ../test_bsp/\libhal_bsp.a(alt_dcache_flush_all.o)
 .debug_line    0x00000000000017a8       0xf8 ../test_bsp/\libhal_bsp.a(alt_dev.o)
 .debug_line    0x00000000000018a0       0xcf ../test_bsp/\libhal_bsp.a(alt_dev_llist_insert.o)
 .debug_line    0x000000000000196f       0x59 ../test_bsp/\libhal_bsp.a(alt_do_ctors.o)
 .debug_line    0x00000000000019c8       0x59 ../test_bsp/\libhal_bsp.a(alt_do_dtors.o)
 .debug_line    0x0000000000001a21       0x51 ../test_bsp/\libhal_bsp.a(alt_errno.o)
 .debug_line    0x0000000000001a72       0x50 ../test_bsp/\libhal_bsp.a(alt_icache_flush_all.o)
 .debug_line    0x0000000000001ac2       0xeb ../test_bsp/\libhal_bsp.a(alt_iic.o)
 .debug_line    0x0000000000001bad       0xdb ../test_bsp/\libhal_bsp.a(alt_iic_isr_register.o)
 .debug_line    0x0000000000001c88      0x133 ../test_bsp/\libhal_bsp.a(alt_io_redirect.o)
 .debug_line    0x0000000000001dbb       0x6b ../test_bsp/\libhal_bsp.a(alt_irq_entry.o)
 .debug_line    0x0000000000001e26       0xaa ../test_bsp/\libhal_bsp.a(alt_irq_handler.o)
 .debug_line    0x0000000000001ed0       0x50 ../test_bsp/\libhal_bsp.a(alt_irq_vars.o)
 .debug_line    0x0000000000001f20      0x128 ../test_bsp/\libhal_bsp.a(alt_open.o)
 .debug_line    0x0000000000002048       0xae ../test_bsp/\libhal_bsp.a(alt_release_fd.o)
 .debug_line    0x00000000000020f6       0xff ../test_bsp/\libhal_bsp.a(alt_tick.o)
 .debug_line    0x00000000000021f5       0x51 ../test_bsp/\libhal_bsp.a(altera_nios2_gen2_irq.o)
 .debug_line    0x0000000000002246       0xb3 ../test_bsp/\libhal_bsp.a(alt_exception_entry.o)
 .debug_line    0x00000000000022f9       0xb5 ../test_bsp/\libhal_bsp.a(alt_find_dev.o)
 .debug_line    0x00000000000023ae       0xd1 ../test_bsp/\libhal_bsp.a(alt_find_file.o)
 .debug_line    0x000000000000247f       0xd4 ../test_bsp/\libhal_bsp.a(alt_get_fd.o)
 .debug_line    0x0000000000002553       0x81 ../test_bsp/\libhal_bsp.a(alt_icache_flush.o)
 .debug_line    0x00000000000025d4       0xba ../test_bsp/\libhal_bsp.a(alt_instruction_exception_entry.o)
 .debug_line    0x000000000000268e       0xe4 c:/intelfpga_lite/18.1/nios2eds/bin/gnu/h-x86_64-mingw32/bin/../lib/gcc/nios2-elf/5.3.0/../../../../../H-x86_64-mingw32/nios2-elf/lib\libc.a(lib_a-atexit.o)
 .debug_line    0x0000000000002772      0x1f9 c:/intelfpga_lite/18.1/nios2eds/bin/gnu/h-x86_64-mingw32/bin/../lib/gcc/nios2-elf/5.3.0/../../../../../H-x86_64-mingw32/nios2-elf/lib\libc.a(lib_a-exit.o)
 .debug_line    0x000000000000296b      0x15d c:/intelfpga_lite/18.1/nios2eds/bin/gnu/h-x86_64-mingw32/bin/../lib/gcc/nios2-elf/5.3.0/../../../../../H-x86_64-mingw32/nios2-elf/lib\libc.a(lib_a-impure.o)
 .debug_line    0x0000000000002ac8       0x5c c:/intelfpga_lite/18.1/nios2eds/bin/gnu/h-x86_64-mingw32/bin/../lib/gcc/nios2-elf/5.3.0/../../../../../H-x86_64-mingw32/nios2-elf/lib\libc.a(lib_a-int_errno.o)
 .debug_line    0x0000000000002b24      0x173 c:/intelfpga_lite/18.1/nios2eds/bin/gnu/h-x86_64-mingw32/bin/../lib/gcc/nios2-elf/5.3.0/../../../../../H-x86_64-mingw32/nios2-elf/lib\libc.a(lib_a-memcmp.o)
 .debug_line    0x0000000000002c97      0x189 c:/intelfpga_lite/18.1/nios2eds/bin/gnu/h-x86_64-mingw32/bin/../lib/gcc/nios2-elf/5.3.0/../../../../../H-x86_64-mingw32/nios2-elf/lib\libc.a(lib_a-memcpy.o)
 .debug_line    0x0000000000002e20      0x16c c:/intelfpga_lite/18.1/nios2eds/bin/gnu/h-x86_64-mingw32/bin/../lib/gcc/nios2-elf/5.3.0/../../../../../H-x86_64-mingw32/nios2-elf/lib\libc.a(lib_a-strlen.o)
 .debug_line    0x0000000000002f8c      0x21c c:/intelfpga_lite/18.1/nios2eds/bin/gnu/h-x86_64-mingw32/bin/../lib/gcc/nios2-elf/5.3.0/../../../../../H-x86_64-mingw32/nios2-elf/lib\libc.a(lib_a-__atexit.o)
 .debug_line    0x00000000000031a8      0x237 c:/intelfpga_lite/18.1/nios2eds/bin/gnu/h-x86_64-mingw32/bin/../lib/gcc/nios2-elf/5.3.0/../../../../../H-x86_64-mingw32/nios2-elf/lib\libc.a(lib_a-__call_atexit.o)
 .debug_line    0x00000000000033df       0x71 ../test_bsp/\libhal_bsp.a(alt_exit.o)

.debug_frame    0x0000000000000000      0xc80
 *(.debug_frame)
 .debug_frame   0x0000000000000000       0x54 obj/default/hello_world.o
 .debug_frame   0x0000000000000054       0x38 c:/intelfpga_lite/18.1/nios2eds/bin/gnu/h-x86_64-mingw32/bin/../lib/gcc/nios2-elf/5.3.0\libgcc.a(_fixunsdfsi.o)
 .debug_frame   0x000000000000008c       0x50 c:/intelfpga_lite/18.1/nios2eds/bin/gnu/h-x86_64-mingw32/bin/../lib/gcc/nios2-elf/5.3.0\libgcc.a(lib2-divmod.o)
 .debug_frame   0x00000000000000dc       0x20 c:/intelfpga_lite/18.1/nios2eds/bin/gnu/h-x86_64-mingw32/bin/../lib/gcc/nios2-elf/5.3.0\libgcc.a(gedf2.o)
 .debug_frame   0x00000000000000fc       0x58 c:/intelfpga_lite/18.1/nios2eds/bin/gnu/h-x86_64-mingw32/bin/../lib/gcc/nios2-elf/5.3.0\libgcc.a(muldf3.o)
 .debug_frame   0x0000000000000154       0x44 c:/intelfpga_lite/18.1/nios2eds/bin/gnu/h-x86_64-mingw32/bin/../lib/gcc/nios2-elf/5.3.0\libgcc.a(subdf3.o)
 .debug_frame   0x0000000000000198       0x20 c:/intelfpga_lite/18.1/nios2eds/bin/gnu/h-x86_64-mingw32/bin/../lib/gcc/nios2-elf/5.3.0\libgcc.a(fixdfsi.o)
 .debug_frame   0x00000000000001b8       0x34 c:/intelfpga_lite/18.1/nios2eds/bin/gnu/h-x86_64-mingw32/bin/../lib/gcc/nios2-elf/5.3.0\libgcc.a(floatunsidf.o)
 .debug_frame   0x00000000000001ec       0x20 c:/intelfpga_lite/18.1/nios2eds/bin/gnu/h-x86_64-mingw32/bin/../lib/gcc/nios2-elf/5.3.0\libgcc.a(_clzsi2.o)
 .debug_frame   0x000000000000020c       0x5c ../test_bsp/\libhal_bsp.a(alt_load.o)
 .debug_frame   0x0000000000000268       0x2c ../test_bsp/\libhal_bsp.a(alt_main.o)
 .debug_frame   0x0000000000000294       0x88 ../test_bsp/\libhal_bsp.a(alt_sys_init.o)
 .debug_frame   0x000000000000031c       0xb0 ../test_bsp/\libhal_bsp.a(altera_avalon_jtag_uart_fd.o)
 .debug_frame   0x00000000000003cc       0xa4 ../test_bsp/\libhal_bsp.a(altera_avalon_jtag_uart_init.o)
 .debug_frame   0x0000000000000470       0x34 ../test_bsp/\libhal_bsp.a(altera_avalon_jtag_uart_ioctl.o)
 .debug_frame   0x00000000000004a4       0x38 ../test_bsp/\libhal_bsp.a(altera_avalon_jtag_uart_read.o)
 .debug_frame   0x00000000000004dc       0x38 ../test_bsp/\libhal_bsp.a(altera_avalon_jtag_uart_write.o)
 .debug_frame   0x0000000000000514       0x34 ../test_bsp/\libhal_bsp.a(alt_alarm_start.o)
 .debug_frame   0x0000000000000548       0x60 ../test_bsp/\libhal_bsp.a(alt_close.o)
 .debug_frame   0x00000000000005a8       0x34 ../test_bsp/\libhal_bsp.a(alt_dcache_flush_all.o)
 .debug_frame   0x00000000000005dc       0x34 ../test_bsp/\libhal_bsp.a(alt_dev.o)
 .debug_frame   0x0000000000000610       0x60 ../test_bsp/\libhal_bsp.a(alt_dev_llist_insert.o)
 .debug_frame   0x0000000000000670       0x38 ../test_bsp/\libhal_bsp.a(alt_do_ctors.o)
 .debug_frame   0x00000000000006a8       0x38 ../test_bsp/\libhal_bsp.a(alt_do_dtors.o)
 .debug_frame   0x00000000000006e0       0x38 ../test_bsp/\libhal_bsp.a(alt_icache_flush_all.o)
 .debug_frame   0x0000000000000718       0xa4 ../test_bsp/\libhal_bsp.a(alt_iic.o)
 .debug_frame   0x00000000000007bc       0x38 ../test_bsp/\libhal_bsp.a(alt_iic_isr_register.o)
 .debug_frame   0x00000000000007f4       0x60 ../test_bsp/\libhal_bsp.a(alt_io_redirect.o)
 .debug_frame   0x0000000000000854       0x38 ../test_bsp/\libhal_bsp.a(alt_irq_handler.o)
 .debug_frame   0x000000000000088c       0x84 ../test_bsp/\libhal_bsp.a(alt_open.o)
 .debug_frame   0x0000000000000910       0x34 ../test_bsp/\libhal_bsp.a(alt_release_fd.o)
 .debug_frame   0x0000000000000944       0x5c ../test_bsp/\libhal_bsp.a(alt_tick.o)
 .debug_frame   0x00000000000009a0       0x34 ../test_bsp/\libhal_bsp.a(altera_nios2_gen2_irq.o)
 .debug_frame   0x00000000000009d4       0x38 ../test_bsp/\libhal_bsp.a(alt_find_dev.o)
 .debug_frame   0x0000000000000a0c       0x38 ../test_bsp/\libhal_bsp.a(alt_find_file.o)
 .debug_frame   0x0000000000000a44       0x34 ../test_bsp/\libhal_bsp.a(alt_get_fd.o)
 .debug_frame   0x0000000000000a78       0x34 ../test_bsp/\libhal_bsp.a(alt_icache_flush.o)
 .debug_frame   0x0000000000000aac       0x5c ../test_bsp/\libhal_bsp.a(alt_instruction_exception_entry.o)
 .debug_frame   0x0000000000000b08       0x20 c:/intelfpga_lite/18.1/nios2eds/bin/gnu/h-x86_64-mingw32/bin/../lib/gcc/nios2-elf/5.3.0/../../../../../H-x86_64-mingw32/nios2-elf/lib\libc.a(lib_a-atexit.o)
 .debug_frame   0x0000000000000b28       0x28 c:/intelfpga_lite/18.1/nios2eds/bin/gnu/h-x86_64-mingw32/bin/../lib/gcc/nios2-elf/5.3.0/../../../../../H-x86_64-mingw32/nios2-elf/lib\libc.a(lib_a-exit.o)
 .debug_frame   0x0000000000000b50       0x20 c:/intelfpga_lite/18.1/nios2eds/bin/gnu/h-x86_64-mingw32/bin/../lib/gcc/nios2-elf/5.3.0/../../../../../H-x86_64-mingw32/nios2-elf/lib\libc.a(lib_a-memcmp.o)
 .debug_frame   0x0000000000000b70       0x38 c:/intelfpga_lite/18.1/nios2eds/bin/gnu/h-x86_64-mingw32/bin/../lib/gcc/nios2-elf/5.3.0/../../../../../H-x86_64-mingw32/nios2-elf/lib\libc.a(lib_a-memcpy.o)
 .debug_frame   0x0000000000000ba8       0x20 c:/intelfpga_lite/18.1/nios2eds/bin/gnu/h-x86_64-mingw32/bin/../lib/gcc/nios2-elf/5.3.0/../../../../../H-x86_64-mingw32/nios2-elf/lib\libc.a(lib_a-strlen.o)
 .debug_frame   0x0000000000000bc8       0x38 c:/intelfpga_lite/18.1/nios2eds/bin/gnu/h-x86_64-mingw32/bin/../lib/gcc/nios2-elf/5.3.0/../../../../../H-x86_64-mingw32/nios2-elf/lib\libc.a(lib_a-__atexit.o)
 .debug_frame   0x0000000000000c00       0x54 c:/intelfpga_lite/18.1/nios2eds/bin/gnu/h-x86_64-mingw32/bin/../lib/gcc/nios2-elf/5.3.0/../../../../../H-x86_64-mingw32/nios2-elf/lib\libc.a(lib_a-__call_atexit.o)
 .debug_frame   0x0000000000000c54       0x2c ../test_bsp/\libhal_bsp.a(alt_exit.o)

.debug_str      0x0000000000000000     0x2003
 *(.debug_str)
 .debug_str     0x0000000000000000      0x136 obj/default/hello_world.o
                                        0x18b (size before relaxing)
 .debug_str     0x0000000000000136      0x148 c:/intelfpga_lite/18.1/nios2eds/bin/gnu/h-x86_64-mingw32/bin/../lib/gcc/nios2-elf/5.3.0\libgcc.a(_fixunsdfsi.o)
                                        0x1d1 (size before relaxing)
 .debug_str     0x000000000000027e       0x7c c:/intelfpga_lite/18.1/nios2eds/bin/gnu/h-x86_64-mingw32/bin/../lib/gcc/nios2-elf/5.3.0\libgcc.a(lib2-divmod.o)
                                        0x1b8 (size before relaxing)
 .debug_str     0x00000000000002fa       0xa3 c:/intelfpga_lite/18.1/nios2eds/bin/gnu/h-x86_64-mingw32/bin/../lib/gcc/nios2-elf/5.3.0\libgcc.a(gedf2.o)
                                        0x219 (size before relaxing)
 .debug_str     0x000000000000039d      0x1de c:/intelfpga_lite/18.1/nios2eds/bin/gnu/h-x86_64-mingw32/bin/../lib/gcc/nios2-elf/5.3.0\libgcc.a(muldf3.o)
                                        0x3a8 (size before relaxing)
 .debug_str     0x000000000000057b       0xb1 c:/intelfpga_lite/18.1/nios2eds/bin/gnu/h-x86_64-mingw32/bin/../lib/gcc/nios2-elf/5.3.0\libgcc.a(subdf3.o)
                                        0x28f (size before relaxing)
 .debug_str     0x000000000000062c       0x4b c:/intelfpga_lite/18.1/nios2eds/bin/gnu/h-x86_64-mingw32/bin/../lib/gcc/nios2-elf/5.3.0\libgcc.a(fixdfsi.o)
                                        0x211 (size before relaxing)
 .debug_str     0x0000000000000677       0x6d c:/intelfpga_lite/18.1/nios2eds/bin/gnu/h-x86_64-mingw32/bin/../lib/gcc/nios2-elf/5.3.0\libgcc.a(floatunsidf.o)
                                        0x225 (size before relaxing)
 .debug_str     0x00000000000006e4       0x20 c:/intelfpga_lite/18.1/nios2eds/bin/gnu/h-x86_64-mingw32/bin/../lib/gcc/nios2-elf/5.3.0\libgcc.a(_clzsi2.o)
                                        0x1e6 (size before relaxing)
 .debug_str     0x0000000000000704      0x1c9 c:/intelfpga_lite/18.1/nios2eds/bin/gnu/h-x86_64-mingw32/bin/../lib/gcc/nios2-elf/5.3.0\libgcc.a(_clz.o)
 .debug_str     0x0000000000000704      0x130 ../test_bsp/\libhal_bsp.a(alt_load.o)
                                        0x214 (size before relaxing)
 .debug_str     0x0000000000000834       0x70 ../test_bsp/\libhal_bsp.a(alt_main.o)
                                        0x19f (size before relaxing)
 .debug_str     0x00000000000008a4      0x19b ../test_bsp/\libhal_bsp.a(alt_sys_init.o)
                                        0x35a (size before relaxing)
 .debug_str     0x0000000000000a3f       0xb9 ../test_bsp/\libhal_bsp.a(altera_avalon_jtag_uart_fd.o)
                                        0x3a6 (size before relaxing)
 .debug_str     0x0000000000000af8       0xd1 ../test_bsp/\libhal_bsp.a(altera_avalon_jtag_uart_init.o)
                                        0x33a (size before relaxing)
 .debug_str     0x0000000000000bc9       0x4a ../test_bsp/\libhal_bsp.a(altera_avalon_jtag_uart_ioctl.o)
                                        0x295 (size before relaxing)
 .debug_str     0x0000000000000c13       0x7f ../test_bsp/\libhal_bsp.a(altera_avalon_jtag_uart_read.o)
                                        0x2ea (size before relaxing)
 .debug_str     0x0000000000000c92       0x4a ../test_bsp/\libhal_bsp.a(altera_avalon_jtag_uart_write.o)
                                        0x2eb (size before relaxing)
 .debug_str     0x0000000000000cdc       0x59 ../test_bsp/\libhal_bsp.a(alt_alarm_start.o)
                                        0x280 (size before relaxing)
 .debug_str     0x0000000000000d35       0x44 ../test_bsp/\libhal_bsp.a(alt_close.o)
                                        0x20d (size before relaxing)
 .debug_str     0x0000000000000d79       0x34 ../test_bsp/\libhal_bsp.a(alt_dcache_flush_all.o)
                                        0x157 (size before relaxing)
 .debug_str     0x0000000000000dad      0x120 ../test_bsp/\libhal_bsp.a(alt_dev.o)
                                        0x307 (size before relaxing)
 .debug_str     0x0000000000000ecd       0x34 ../test_bsp/\libhal_bsp.a(alt_dev_llist_insert.o)
                                        0x1ce (size before relaxing)
 .debug_str     0x0000000000000f01       0x48 ../test_bsp/\libhal_bsp.a(alt_do_ctors.o)
                                         0xd2 (size before relaxing)
 .debug_str     0x0000000000000f49       0x4c ../test_bsp/\libhal_bsp.a(alt_do_dtors.o)
                                         0xd1 (size before relaxing)
 .debug_str     0x0000000000000f95       0x14 ../test_bsp/\libhal_bsp.a(alt_errno.o)
                                        0x147 (size before relaxing)
 .debug_str     0x0000000000000fa9       0x34 ../test_bsp/\libhal_bsp.a(alt_icache_flush_all.o)
                                        0x157 (size before relaxing)
 .debug_str     0x0000000000000fdd       0xc4 ../test_bsp/\libhal_bsp.a(alt_iic.o)
                                        0x240 (size before relaxing)
 .debug_str     0x00000000000010a1       0x4c ../test_bsp/\libhal_bsp.a(alt_iic_isr_register.o)
                                        0x1ea (size before relaxing)
 .debug_str     0x00000000000010ed       0x56 ../test_bsp/\libhal_bsp.a(alt_io_redirect.o)
                                        0x318 (size before relaxing)
 .debug_str     0x0000000000001143       0x3a ../test_bsp/\libhal_bsp.a(alt_irq_handler.o)
                                        0x199 (size before relaxing)
 .debug_str     0x000000000000117d       0x17 ../test_bsp/\libhal_bsp.a(alt_irq_vars.o)
                                        0x13c (size before relaxing)
 .debug_str     0x0000000000001194       0x2f ../test_bsp/\libhal_bsp.a(alt_open.o)
                                        0x24d (size before relaxing)
 .debug_str     0x00000000000011c3       0x28 ../test_bsp/\libhal_bsp.a(alt_release_fd.o)
                                        0x1d5 (size before relaxing)
 .debug_str     0x00000000000011eb       0x4a ../test_bsp/\libhal_bsp.a(alt_tick.o)
                                        0x254 (size before relaxing)
 .debug_str     0x0000000000001235       0x3b ../test_bsp/\libhal_bsp.a(altera_nios2_gen2_irq.o)
                                        0x15e (size before relaxing)
 .debug_str     0x0000000000001270       0x24 ../test_bsp/\libhal_bsp.a(alt_find_dev.o)
                                        0x1ee (size before relaxing)
 .debug_str     0x0000000000001294       0x26 ../test_bsp/\libhal_bsp.a(alt_find_file.o)
                                        0x1fc (size before relaxing)
 .debug_str     0x00000000000012ba       0x30 ../test_bsp/\libhal_bsp.a(alt_get_fd.o)
                                        0x21e (size before relaxing)
 .debug_str     0x00000000000012ea       0x2c ../test_bsp/\libhal_bsp.a(alt_icache_flush.o)
                                        0x15d (size before relaxing)
 .debug_str     0x0000000000001316      0x48b ../test_bsp/\libhal_bsp.a(alt_instruction_exception_entry.o)
                                        0x5a2 (size before relaxing)
 .debug_str     0x00000000000017a1      0x162 c:/intelfpga_lite/18.1/nios2eds/bin/gnu/h-x86_64-mingw32/bin/../lib/gcc/nios2-elf/5.3.0/../../../../../H-x86_64-mingw32/nios2-elf/lib\libc.a(lib_a-atexit.o)
                                        0x207 (size before relaxing)
 .debug_str     0x0000000000001903      0x3b2 c:/intelfpga_lite/18.1/nios2eds/bin/gnu/h-x86_64-mingw32/bin/../lib/gcc/nios2-elf/5.3.0/../../../../../H-x86_64-mingw32/nios2-elf/lib\libc.a(lib_a-exit.o)
                                        0x5a4 (size before relaxing)
 .debug_str     0x0000000000001cb5       0xc8 c:/intelfpga_lite/18.1/nios2eds/bin/gnu/h-x86_64-mingw32/bin/../lib/gcc/nios2-elf/5.3.0/../../../../../H-x86_64-mingw32/nios2-elf/lib\libc.a(lib_a-impure.o)
                                        0x59b (size before relaxing)
 .debug_str     0x0000000000001d7d       0x3c c:/intelfpga_lite/18.1/nios2eds/bin/gnu/h-x86_64-mingw32/bin/../lib/gcc/nios2-elf/5.3.0/../../../../../H-x86_64-mingw32/nios2-elf/lib\libc.a(lib_a-int_errno.o)
                                        0x1c3 (size before relaxing)
 .debug_str     0x0000000000001db9       0xcc c:/intelfpga_lite/18.1/nios2eds/bin/gnu/h-x86_64-mingw32/bin/../lib/gcc/nios2-elf/5.3.0/../../../../../H-x86_64-mingw32/nios2-elf/lib\libc.a(lib_a-memcmp.o)
                                        0x1ca (size before relaxing)
 .debug_str     0x0000000000001e85       0x68 c:/intelfpga_lite/18.1/nios2eds/bin/gnu/h-x86_64-mingw32/bin/../lib/gcc/nios2-elf/5.3.0/../../../../../H-x86_64-mingw32/nios2-elf/lib\libc.a(lib_a-memcpy.o)
                                        0x1f1 (size before relaxing)
 .debug_str     0x0000000000001eed       0x4e c:/intelfpga_lite/18.1/nios2eds/bin/gnu/h-x86_64-mingw32/bin/../lib/gcc/nios2-elf/5.3.0/../../../../../H-x86_64-mingw32/nios2-elf/lib\libc.a(lib_a-strlen.o)
                                        0x1dd (size before relaxing)
 .debug_str     0x0000000000001f3b       0x3c c:/intelfpga_lite/18.1/nios2eds/bin/gnu/h-x86_64-mingw32/bin/../lib/gcc/nios2-elf/5.3.0/../../../../../H-x86_64-mingw32/nios2-elf/lib\libc.a(lib_a-__atexit.o)
                                        0x5dc (size before relaxing)
 .debug_str     0x0000000000001f77       0x62 c:/intelfpga_lite/18.1/nios2eds/bin/gnu/h-x86_64-mingw32/bin/../lib/gcc/nios2-elf/5.3.0/../../../../../H-x86_64-mingw32/nios2-elf/lib\libc.a(lib_a-__call_atexit.o)
                                        0x5c8 (size before relaxing)
 .debug_str     0x0000000000001fd9       0x2a ../test_bsp/\libhal_bsp.a(alt_exit.o)
                                        0x153 (size before relaxing)

.debug_loc      0x0000000000000000     0x36bd
 *(.debug_loc)
 .debug_loc     0x0000000000000000       0x28 c:/intelfpga_lite/18.1/nios2eds/bin/gnu/h-x86_64-mingw32/bin/../lib/gcc/nios2-elf/5.3.0\libgcc.a(_fixunsdfsi.o)
 .debug_loc     0x0000000000000028      0x4ce c:/intelfpga_lite/18.1/nios2eds/bin/gnu/h-x86_64-mingw32/bin/../lib/gcc/nios2-elf/5.3.0\libgcc.a(lib2-divmod.o)
 .debug_loc     0x00000000000004f6       0xf9 c:/intelfpga_lite/18.1/nios2eds/bin/gnu/h-x86_64-mingw32/bin/../lib/gcc/nios2-elf/5.3.0\libgcc.a(gedf2.o)
 .debug_loc     0x00000000000005ef     0x100d c:/intelfpga_lite/18.1/nios2eds/bin/gnu/h-x86_64-mingw32/bin/../lib/gcc/nios2-elf/5.3.0\libgcc.a(muldf3.o)
 .debug_loc     0x00000000000015fc     0x1627 c:/intelfpga_lite/18.1/nios2eds/bin/gnu/h-x86_64-mingw32/bin/../lib/gcc/nios2-elf/5.3.0\libgcc.a(subdf3.o)
 .debug_loc     0x0000000000002c23      0x121 c:/intelfpga_lite/18.1/nios2eds/bin/gnu/h-x86_64-mingw32/bin/../lib/gcc/nios2-elf/5.3.0\libgcc.a(fixdfsi.o)
 .debug_loc     0x0000000000002d44      0x19e c:/intelfpga_lite/18.1/nios2eds/bin/gnu/h-x86_64-mingw32/bin/../lib/gcc/nios2-elf/5.3.0\libgcc.a(floatunsidf.o)
 .debug_loc     0x0000000000002ee2       0x6b c:/intelfpga_lite/18.1/nios2eds/bin/gnu/h-x86_64-mingw32/bin/../lib/gcc/nios2-elf/5.3.0\libgcc.a(_clzsi2.o)
 .debug_loc     0x0000000000002f4d       0x2c c:/intelfpga_lite/18.1/nios2eds/bin/gnu/h-x86_64-mingw32/bin/../lib/gcc/nios2-elf/5.3.0/../../../../../H-x86_64-mingw32/nios2-elf/lib\libc.a(lib_a-atexit.o)
 .debug_loc     0x0000000000002f79       0x1e c:/intelfpga_lite/18.1/nios2eds/bin/gnu/h-x86_64-mingw32/bin/../lib/gcc/nios2-elf/5.3.0/../../../../../H-x86_64-mingw32/nios2-elf/lib\libc.a(lib_a-exit.o)
 .debug_loc     0x0000000000002f97      0x126 c:/intelfpga_lite/18.1/nios2eds/bin/gnu/h-x86_64-mingw32/bin/../lib/gcc/nios2-elf/5.3.0/../../../../../H-x86_64-mingw32/nios2-elf/lib\libc.a(lib_a-memcmp.o)
 .debug_loc     0x00000000000030bd      0x266 c:/intelfpga_lite/18.1/nios2eds/bin/gnu/h-x86_64-mingw32/bin/../lib/gcc/nios2-elf/5.3.0/../../../../../H-x86_64-mingw32/nios2-elf/lib\libc.a(lib_a-memcpy.o)
 .debug_loc     0x0000000000003323       0x47 c:/intelfpga_lite/18.1/nios2eds/bin/gnu/h-x86_64-mingw32/bin/../lib/gcc/nios2-elf/5.3.0/../../../../../H-x86_64-mingw32/nios2-elf/lib\libc.a(lib_a-strlen.o)
 .debug_loc     0x000000000000336a      0x185 c:/intelfpga_lite/18.1/nios2eds/bin/gnu/h-x86_64-mingw32/bin/../lib/gcc/nios2-elf/5.3.0/../../../../../H-x86_64-mingw32/nios2-elf/lib\libc.a(lib_a-__atexit.o)
 .debug_loc     0x00000000000034ef      0x1ce c:/intelfpga_lite/18.1/nios2eds/bin/gnu/h-x86_64-mingw32/bin/../lib/gcc/nios2-elf/5.3.0/../../../../../H-x86_64-mingw32/nios2-elf/lib\libc.a(lib_a-__call_atexit.o)

.debug_macinfo
 *(.debug_macinfo)

.debug_weaknames
 *(.debug_weaknames)

.debug_funcnames
 *(.debug_funcnames)

.debug_typenames
 *(.debug_typenames)

.debug_varnames
 *(.debug_varnames)

.debug_alt_sim_info
                0x0000000000000000       0x30
 *(.debug_alt_sim_info)
 .debug_alt_sim_info
                0x0000000000000000       0x30 ../test_bsp//obj/HAL/src/crt0.o
                0x0000000000040000                __alt_data_end = 0x40000
                0x0000000000040000                PROVIDE (__alt_stack_pointer, __alt_data_end)
                [!provide]                        PROVIDE (__alt_stack_limit, __alt_stack_base)
                [!provide]                        PROVIDE (__alt_heap_start, end)
                [!provide]                        PROVIDE (__alt_heap_limit, 0x40000)
OUTPUT(test.elf elf32-littlenios2)

.debug_ranges   0x0000000000000000      0x718
 .debug_ranges  0x0000000000000000       0x20 ../test_bsp//obj/HAL/src/crt0.o
 .debug_ranges  0x0000000000000020       0x60 c:/intelfpga_lite/18.1/nios2eds/bin/gnu/h-x86_64-mingw32/bin/../lib/gcc/nios2-elf/5.3.0\libgcc.a(lib2-divmod.o)
 .debug_ranges  0x0000000000000080       0x88 c:/intelfpga_lite/18.1/nios2eds/bin/gnu/h-x86_64-mingw32/bin/../lib/gcc/nios2-elf/5.3.0\libgcc.a(gedf2.o)
 .debug_ranges  0x0000000000000108      0x1f0 c:/intelfpga_lite/18.1/nios2eds/bin/gnu/h-x86_64-mingw32/bin/../lib/gcc/nios2-elf/5.3.0\libgcc.a(muldf3.o)
 .debug_ranges  0x00000000000002f8      0x268 c:/intelfpga_lite/18.1/nios2eds/bin/gnu/h-x86_64-mingw32/bin/../lib/gcc/nios2-elf/5.3.0\libgcc.a(subdf3.o)
 .debug_ranges  0x0000000000000560       0x30 c:/intelfpga_lite/18.1/nios2eds/bin/gnu/h-x86_64-mingw32/bin/../lib/gcc/nios2-elf/5.3.0\libgcc.a(fixdfsi.o)
 .debug_ranges  0x0000000000000590       0x18 c:/intelfpga_lite/18.1/nios2eds/bin/gnu/h-x86_64-mingw32/bin/../lib/gcc/nios2-elf/5.3.0\libgcc.a(floatunsidf.o)
 .debug_ranges  0x00000000000005a8       0x18 c:/intelfpga_lite/18.1/nios2eds/bin/gnu/h-x86_64-mingw32/bin/../lib/gcc/nios2-elf/5.3.0\libgcc.a(_clzsi2.o)
 .debug_ranges  0x00000000000005c0       0x30 ../test_bsp/\libhal_bsp.a(altera_avalon_jtag_uart_init.o)
 .debug_ranges  0x00000000000005f0       0x18 ../test_bsp/\libhal_bsp.a(altera_avalon_jtag_uart_read.o)
 .debug_ranges  0x0000000000000608       0x28 ../test_bsp/\libhal_bsp.a(alt_irq_entry.o)
 .debug_ranges  0x0000000000000630       0x10 ../test_bsp/\libhal_bsp.a(alt_irq_handler.o)
 .debug_ranges  0x0000000000000640       0x30 ../test_bsp/\libhal_bsp.a(alt_exception_entry.o)
 .debug_ranges  0x0000000000000670       0x18 ../test_bsp/\libhal_bsp.a(alt_instruction_exception_entry.o)
 .debug_ranges  0x0000000000000688       0x10 c:/intelfpga_lite/18.1/nios2eds/bin/gnu/h-x86_64-mingw32/bin/../lib/gcc/nios2-elf/5.3.0/../../../../../H-x86_64-mingw32/nios2-elf/lib\libc.a(lib_a-atexit.o)